2022-10-12 18:11:49 [ 1026.317184] reboot: Restarting system
2022-10-12 18:11:49 [ 1026.323979] ingenic default reboot sign
2022-10-12 18:11:49 
2022-10-12 18:11:49 
2022-10-12 18:11:49 
2022-10-12 18:11:49 U-Boot SPL 2013.07 (Sep 07 2022 - 17:06:33)
2022-10-12 18:11:49 
2022-10-12 18:11:49 apll_freq = 912000000 
2022-10-12 18:11:49 mpll_freq = 1100000000 
2022-10-12 18:11:49 vpll_freq = 1308000000 
2022-10-12 18:11:49 epll_freq = 891000000
2022-10-12 18:11:49 cpu clk source: apll
2022-10-12 18:11:49 ddr clk source: mpll
2022-10-12 18:11:49 DDR clk rate: 550000000
2022-10-12 18:11:49 
2022-10-12 18:11:49 spl_sfc_nand_load:399
2022-10-12 18:11:49 00006c00,00064000,80100000
2022-10-12 18:11:49 spl_sfc_nand_load:402
2022-10-12 18:11:49 image entry point: 0x80100000
2022-10-12 18:11:49 Board: ISVP (Ingenic XBurst T40 SoC)
2022-10-12 18:11:49 DRAM:  128 MiB
2022-10-12 18:11:49 Top of RAM usable for U-Boot at: 88000000
2022-10-12 18:11:49 Reserving 552k for U-Boot at: 87f74000
2022-10-12 18:11:49 Reserving 65664k for malloc() at: 83f54000
2022-10-12 18:11:49 Reserving 32 Bytes for Board Info at: 83f53fe0
2022-10-12 18:11:49 Reserving 124 Bytes for Global Data at: 83f53f64
2022-10-12 18:11:49 Reserving 128k for boot params() at: 83f33f64
2022-10-12 18:11:49 Stack Pointer at: 83f33f48
2022-10-12 18:11:49 Now running in RAM - U-Boot at: 87f74000
2022-10-12 18:11:49 NAND:  0 MiB
2022-10-12 18:11:49 SFC_NAND:  ***sfc init!
2022-10-12 18:11:49 MMC:   MSC: 0
2022-10-12 18:11:49 
2022-10-12 18:11:49 NAND read: device 0 offset 0xc0000, size 0x20000
2022-10-12 18:11:49  131072 bytes read: OK
2022-10-12 18:11:49 
2022-10-12 18:11:49 NAND read: device 0 offset 0xe0000, size 0x20000
2022-10-12 18:11:50  131072 bytes read: OK
2022-10-12 18:11:50 Data transfer:    serial
2022-10-12 18:11:50 RESET :0
2022-10-12 18:11:50 RESET :0
2022-10-12 18:11:50 reading FIRMWARE_P8MAX_flash_part1.bin
2022-10-12 18:11:50 ** Unable to read file FIRMWARE_P8MAX_flash_part1.bin **
2022-10-12 18:11:50 File FIRMWARE_P8MAX_flash_part1.bin Not exist!,now try upgrade file. 
2022-10-12 18:11:50 cmd: fatload mmc 0 0x80600000 FIRMWARE_P8MAX_F.bin 
2022-10-12 18:11:50 reading FIRMWARE_P8MAX_F.bin
2022-10-12 18:11:50 ** Unable to read file FIRMWARE_P8MAX_F.bin **
2022-10-12 18:11:50 File FIRMWARE_P8MAX_F.bin Not exist!
2022-10-12 18:11:50 sdupdate - auto upgrade file from mmc to flash
2022-10-12 18:11:50 
2022-10-12 18:11:50 Usage:
2022-10-12 18:11:50 sdupdate LOAD_ID ADDR_START ADDR_END
2022-10-12 18:11:50 LOAD_ID: 0-->u-boot
2022-10-12 18:11:50 	 1-->kernel
2022-10-12 18:11:50 	 2-->rootfs
2022-10-12 18:11:50 	 3-->demo.bin
2022-10-12 18:11:50 ex:
2022-10-12 18:11:50 	sdupdate   (update all)
2022-10-12 18:11:50 or 
2022-10-12 18:11:50 	sdupdate 0 0x0 0x40000
2022-10-12 18:11:50 
2022-10-12 18:11:50 NAND read: device 0 offset 0x100000, size 0x40
2022-10-12 18:11:50  64 bytes read: OK
2022-10-12 18:11:50 main kernel ntohl(hdr1.ih_magic) :0x27051956,IH_MAGIC:0x27051956
2022-10-12 18:11:50 
2022-10-12 18:11:50 Main image OK.
2022-10-12 18:11:50 
2022-10-12 18:11:50 bootcmd="nand read 0x80600000 0x100000 0x400000;bootm 0x80600000"
2022-10-12 18:11:50 Hit any key to stop autoboot:  0 
2022-10-12 18:11:50 
2022-10-12 18:11:50 NAND read: device 0 offset 0x100000, size 0x400000
2022-10-12 18:11:51  4194304 bytes read: OK
2022-10-12 18:11:51    Image Name:   Linux-4.4.94
2022-10-12 18:11:51    Image Type:   MIPS Linux Kernel Image (lzma compressed)
2022-10-12 18:11:51    Data Size:    3834332 Bytes = 3.7 MiB
2022-10-12 18:11:51    Load Address: 80010000
2022-10-12 18:11:51    Entry Point:  804af990
2022-10-12 18:11:51    Verifying Checksum ... OK
2022-10-12 18:11:52    Uncompressing Kernel Image ... OK
2022-10-12 18:11:52 
2022-10-12 18:11:52 Starting kernel ...
2022-10-12 18:11:52 
2022-10-12 18:11:52 [    0.000000] Linux version 4.4.94 (carzzy@ubuntu) (gcc version 7.2.0 (Ingenic r4.0.0-gcc720 2018.02-28) ) #100 SMP PREEMPT Wed Sep 7 17:19:01 CST 2022
2022-10-12 18:11:52 [    0.000000] CPU0 RESET ERROR PC:801F3940
2022-10-12 18:11:52 [    0.000000] [<801f3940>] __delay+0x0/0x10
2022-10-12 18:11:52 [    0.000000] bootconsole [early0] enabled
2022-10-12 18:11:53 [    0.000000] CPU0 revision is: 00132100 (Ingenic XBurst@II)
2022-10-12 18:11:53 [    0.000000] FPU revision is: 00f32100
2022-10-12 18:11:53 [    0.000000] MIPS: machine is ingenic,shark
2022-10-12 18:11:53 [    0.000000] Determined physical RAM map:
2022-10-12 18:11:53 [    0.000000]  memory: 00649000 @ 00010000 (usable)
2022-10-12 18:11:53 [    0.000000]  memory: 001b7000 @ 00659000 (usable after init)
2022-10-12 18:11:53 [    0.000000] User-defined physical RAM map:
2022-10-12 18:11:53 [    0.000000]  memory: 03b00000 @ 00000000 (usable)
2022-10-12 18:11:53 [    0.000000] Initrd not found or empty - disabling initrd
2022-10-12 18:11:53 [    0.000000] Zone ranges:
2022-10-12 18:11:53 [    0.000000]   Normal   [mem 0x0000000000000000-0x0000000003afffff]
2022-10-12 18:11:53 [    0.000000]   HighMem  empty
2022-10-12 18:11:53 [    0.000000] Movable zone start for each node
2022-10-12 18:11:53 [    0.000000] Early memory node ranges
2022-10-12 18:11:53 [    0.000000]   node   0: [mem 0x0000000000000000-0x0000000003afffff]
2022-10-12 18:11:53 [    0.000000] Initmem setup node 0 [mem 0x0000000000000000-0x0000000003afffff]
2022-10-12 18:11:53 [    0.000000] [SMP] Slave CPU(s) 1 available.
2022-10-12 18:11:53 [    0.000000] Primary instruction cache 32kB, VIPT, 8-way, linesize 32 bytes.
2022-10-12 18:11:53 [    0.000000] Primary data cache 32kB, 8-way, VIPT, no aliases, linesize 32 bytes
2022-10-12 18:11:53 [    0.000000] =======found ...... ingenic sc cache ops ...!, found: 1
2022-10-12 18:11:53 [    0.000000] 
2022-10-12 18:11:53 [    0.000000] Unified secondary cache 128kB 8-way, linesize 64 bytes.
2022-10-12 18:11:53 [    0.000000] PERCPU: Embedded 10 pages/cpu @81099000 s8464 r8192 d24304 u40960
2022-10-12 18:11:53 [    0.000000] Built 1 zonelists in Zone order, mobility grouping off.  Total pages: 14986
2022-10-12 18:11:53 [    0.000000] Kernel command line: console=ttyS1,115200n8 mem=59M@0x0 rmem=53M@0x3B00000 nmem=16M@0x7000000 init=/linuxrc ubi.mtd=2 ubi.mtd=4 ubi.mtd=5 ubi.mtd=6 ubi.mtd=7 rw mtdparts=sfc_nand:1M(uboot),4M(kernel1),30M(appfs1),4M(kernel2),30M(appfs2),40M(data),6M(config),10M(extend) lpj=11968512
2022-10-12 18:11:53 [    0.000000] PID hash table entries: 256 (order: -2, 1024 bytes)
2022-10-12 18:11:53 [    0.000000] Dentry cache hash table entries: 8192 (order: 3, 32768 bytes)
2022-10-12 18:11:53 [    0.000000] Inode-cache hash table entries: 4096 (order: 2, 16384 bytes)
2022-10-12 18:11:53 [    0.000000] Memory: 51264K/60416K available (4762K kernel code, 281K rwdata, 1384K rodata, 1756K init, 146K bss, 9152K reserved, 0K cma-reserved, 0K highmem)
2022-10-12 18:11:53 [    0.000000] SLUB: HWalign=32, Order=0-3, MinObjects=0, CPUs=2, Nodes=1
2022-10-12 18:11:53 [    0.000000] Preemptible hierarchical RCU implementation.
2022-10-12 18:11:53 [    0.000000] 	Build-time adjustment of leaf fanout to 32.
2022-10-12 18:11:53 [    0.000000] NR_IRQS:419
2022-10-12 18:11:53 [    0.000000] parse cpu-intc-iomap, intc define in dt is too large!
2022-10-12 18:11:53 [    0.000000] core irq setup finished
2022-10-12 18:11:53 [    0.000000] percpu irq inited.
2022-10-12 18:11:53 [    0.000000] t40 Clock Power Management Unit init!
2022-10-12 18:11:53 [    0.000000] =========== t40 clocks: =============
2022-10-12 18:11:53 [    0.000000] 	apll     = 912000000 , mpll     = 1100000000
2022-10-12 18:11:53 [    0.000000] 	cpu_clk  = 912000000 , l2c_clk  = 456000000
2022-10-12 18:11:53 [    0.000000] 	ahb0_clk = 183333334 , ahb2_clk = 183333334
2022-10-12 18:11:53 [    0.000000] 	apb_clk  = 91666667 , ext_clk  = 24000000
2022-10-12 18:11:53 [    0.000000] 
2022-10-12 18:11:53 [    0.000000] parse cpu-ost-iomap, ost number define in dt is too large!
2022-10-12 18:11:53 [    0.000000] percpu cpu_num:0 timerevent init
2022-10-12 18:11:53 [    0.000000] clockevents_config_and_register success.
2022-10-12 18:11:53 [    0.000000] clocksource: jz_clocksource: mask: 0x7fffffffffffffff max_cycles: 0x588fe9dc0, max_idle_ns: 440795202592 ns
2022-10-12 18:11:53 [    0.000000] sched_clock: 64 bits at 24MHz, resolution 41ns, wraps every 4398046511097ns
2022-10-12 18:11:53 [    0.000094] ERROR epc 0x801f3940
2022-10-12 18:11:53 [    0.003387] Console: colour dummy device 80x25
2022-10-12 18:11:53 [    0.007835] Calibrating delay loop (skipped) preset value.. 2393.70 BogoMIPS (lpj=11968512)
2022-10-12 18:11:53 [    0.016296] pid_max: default: 32768 minimum: 301
2022-10-12 18:11:53 [    0.021047] Mount-cache hash table entries: 1024 (order: 0, 4096 bytes)
2022-10-12 18:11:53 [    0.027696] Mountpoint-cache hash table entries: 1024 (order: 0, 4096 bytes)
2022-10-12 18:11:53 [    0.035413] [SMP] Prepare 2 cores., cpu: 0
2022-10-12 18:11:53 [    0.115965] [SMP] Booting CPU1 ...
2022-10-12 18:11:53 [    0.119338] CPU1 RESET ERROR PC:8001B2EC
2022-10-12 18:11:53 [    0.119353] [<8001b2ec>] ingenic_wait_irqoff+0x24/0x2c
2022-10-12 18:11:53 [    0.119366] Primary instruction cache 32kB, VIPT, 8-way, linesize 32 bytes.
2022-10-12 18:11:53 [    0.119370] Primary data cache 32kB, 8-way, VIPT, no aliases, linesize 32 bytes
2022-10-12 18:11:53 [    0.119374] =======found ...... ingenic sc cache ops ...!, found: 1
2022-10-12 18:11:53 [    0.119374] 
2022-10-12 18:11:53 [    0.119377] Unified secondary cache 128kB 8-way, linesize 64 bytes.
2022-10-12 18:11:53 [    0.119451] #### now starting init for cpu : 1
2022-10-12 18:11:53 [    0.119458] percpu irq inited.
2022-10-12 18:11:53 [    0.119461] percpu cpu_num:1 timerevent init
2022-10-12 18:11:53 [    0.119475] clockevents_config_and_register success.
2022-10-12 18:11:53 [    0.119481] CPU1 revision is: 00132100 (Ingenic XBurst@II)
2022-10-12 18:11:53 [    0.119483] FPU revision is: 00f32100
2022-10-12 18:11:53 [    0.119616] [SMP] slave cpu1 start up finished.
2022-10-12 18:11:53 [    0.120084] Brought up 2 CPUs
2022-10-12 18:11:53 [    0.123945] devtmpfs: initialized
2022-10-12 18:11:53 [    0.197545] clocksource: jiffies: mask: 0xffffffff max_cycles: 0xffffffff, max_idle_ns: 19112604462750000 ns
2022-10-12 18:11:53 [    0.207527] futex hash table entries: 512 (order: 2, 16384 bytes)
2022-10-12 18:11:53 [    0.213743] pinctrl core: initialized pinctrl subsystem
2022-10-12 18:11:53 [    0.219393] NET: Registered protocol family 16
2022-10-12 18:11:53 [    0.229036] ingenic pinctrl 10010000.pinctrl: 4 gpio chip add success, pins 128
2022-10-12 18:11:53 [    0.237040] ingenic pinctrl 10010000.pinctrl: ingenic pinctrl probe success
2022-10-12 18:11:53 [    0.252757] dmmu_init 807 PTRS_PER_PTE = 1024
2022-10-12 18:11:53 [    0.323313] ingenic-dma 13420000.dma: INGENIC SoC DMA initialized
2022-10-12 18:11:53 [    0.330194] usbcore: registered new interface driver usbfs
2022-10-12 18:11:53 [    0.335850] usbcore: registered new interface driver hub
2022-10-12 18:11:53 [    0.341395] usbcore: registered new device driver usb
2022-10-12 18:11:53 [    0.346693] inno phy probe success
2022-10-12 18:11:53 [    0.350855] media: Linux media interface: v0.10
2022-10-12 18:11:53 [    0.355538] Linux video capture interface: v2.00
2022-10-12 18:11:53 [    0.363225] clocksource: Switched to clocksource jz_clocksource
2022-10-12 18:11:53 [    0.389379] NET: Registered protocol family 2
2022-10-12 18:11:53 [    0.394352] TCP established hash table entries: 1024 (order: 0, 4096 bytes)
2022-10-12 18:11:53 [    0.401356] TCP bind hash table entries: 1024 (order: 1, 8192 bytes)
2022-10-12 18:11:53 [    0.407888] TCP: Hash tables configured (established 1024 bind 1024)
2022-10-12 18:11:53 [    0.414371] UDP hash table entries: 256 (order: 1, 8192 bytes)
2022-10-12 18:11:53 [    0.420228] UDP-Lite hash table entries: 256 (order: 1, 8192 bytes)
2022-10-12 18:11:53 [    0.426792] NET: Registered protocol family 1
2022-10-12 18:11:53 [    0.544020] jffs2: version 2.2. (NAND) Â© 2001-2006 Red Hat, Inc.
2022-10-12 18:11:53 [    0.562512] jitterentropy: Initialization failed with host not compliant with requirements: 2
2022-10-12 18:11:53 [    0.571790] io scheduler noop registered
2022-10-12 18:11:53 [    0.575852] io scheduler deadline registered
2022-10-12 18:11:53 [    0.580162] io scheduler cfq registered (default)
2022-10-12 18:11:53 [    0.586722] JZ DBOX probe ok!!!!
2022-10-12 18:11:53 [    0.591321] 10031000.serial: ttyS1 at MMIO 0x10031000 (irq = 58, base_baud = 5729166) is a uart1
2022-10-12 18:11:53 [    0.600305] console [ttyS1] enabled
2022-10-12 18:11:53 [    0.600305] console [ttyS1] enabled
2022-10-12 18:11:53 [    0.607488] bootconsole [early0] disabled
2022-10-12 18:11:53 [    0.607488] bootconsole [early0] disabled
2022-10-12 18:11:53 [    0.620941] ingenic-tcu 10002000.tcu: Ingenic TCU driver register completed ret = 0
2022-10-12 18:11:53 [    0.630002] Enter 'CDT' mode.
2022-10-12 18:11:53 [    0.633133] Enter 'DMA Descriptor chain' mode.
2022-10-12 18:11:53 [    0.637990] ingenic-sfc 13440000.sfc: Found Supported device, id_manufactory = 0xef, id_device = 0xaa
2022-10-12 18:11:53 [    0.647780] use nand common get feature interface!
2022-10-12 18:11:53 [    0.652855] Scanning device for bad blocks
2022-10-12 18:11:53 [    0.745959] ingenic-sfc 13440000.sfc: NOTICE: this flash haven`t param, magic_num:ffffffff
2022-10-12 18:11:53 [    0.754700] ingenic-sfc 13440000.sfc: read partition from flash failed!
2022-10-12 18:11:53 [    0.761671] ingenic-sfc 13440000.sfc: read mtdparts!
2022-10-12 18:11:53 [    0.766932] 8 cmdlinepart partitions found on MTD device sfc_nand
2022-10-12 18:11:53 [    0.773366] Creating 8 MTD partitions on "sfc_nand":
2022-10-12 18:11:53 [    0.778600] 0x000000000000-0x000000100000 : "uboot"
2022-10-12 18:11:53 [    0.785347] 0x000000100000-0x000000500000 : "kernel1"
2022-10-12 18:11:53 [    0.792208] 0x000000500000-0x000002300000 : "appfs1"
2022-10-12 18:11:53 [    0.798998] 0x000002300000-0x000002700000 : "kernel2"
2022-10-12 18:11:53 [    0.805869] 0x000002700000-0x000004500000 : "appfs2"
2022-10-12 18:11:53 [    0.822662] 0x000004500000-0x000006d00000 : "data"
2022-10-12 18:11:53 [    0.839345] 0x000006d00000-0x000007300000 : "config"
2022-10-12 18:11:53 [    0.846125] 0x000007300000-0x000007d00000 : "extend"
2022-10-12 18:11:53 [    0.862896] ingenic-sfc 13440000.sfc: CCHC5 = 0x8840400a
2022-10-12 18:11:53 [    0.868565] ingenic-sfc 13440000.sfc: SPI NAND MTD LOAD OK
2022-10-12 18:11:53 [    0.874862] OTG CLK 1f8f7f80
2022-10-12 18:11:53 [    0.879428] CPCCR CLK 1580
2022-10-12 18:11:54 [    1.013263] dwc2 13500000.otg: EPs: 9, dedicated fifos, 3576 entries in SPRAM
2022-10-12 18:11:54 [    1.021325] dwc2 13500000.otg: DWC OTG Controller
2022-10-12 18:11:54 [    1.026370] dwc2 13500000.otg: new USB bus registered, assigned bus number 1
2022-10-12 18:11:54 [    1.033882] dwc2 13500000.otg: irq 29, io mem 0x00000000
2022-10-12 18:11:54 [    1.040472] hub 1-0:1.0: USB hub found
2022-10-12 18:11:54 [    1.044538] hub 1-0:1.0: 1 port detected
2022-10-12 18:11:55 [    2.363574] i8042: i8042 controller selftest timeout
2022-10-12 18:11:55 [    2.369950] ingenic-i2c 10051000.i2c: register i2c1 success.
2022-10-12 18:11:55 [    2.377332] sdhci: Secure Digital Host Controller Interface driver
2022-10-12 18:11:55 [    2.383916] sdhci: Copyright(c) Pierre Ossman
2022-10-12 18:11:55 [    2.433286] mmc0: SDHCI controller on ingenic-sdhci [13060000.msc] using ADMA
2022-10-12 18:11:55 [    2.459663] mmc0: card inserted
2022-10-12 18:11:55 [    2.521713] mmc0: new high speed SDHC card at address aaaa
2022-10-12 18:11:55 [    2.527580] mmc1: SDHCI controller on ingenic-sdhci [13070000.msc] using ADMA
2022-10-12 18:11:55 [    2.536128] mmcblk0: mmc0:aaaa SC16G 14.8 GiB 
2022-10-12 18:11:55 [    2.541231] usbcore: registered new interface driver usbhid
2022-10-12 18:11:55 [    2.547356] usbhid: USB HID core driver
2022-10-12 18:11:55 [    2.551438]  mmcblk0: p1
2022-10-12 18:11:55 [    2.554952] Netfilter messages via NETLINK v0.30.
2022-10-12 18:11:55 [    2.560057] ip_set: protocol 6
2022-10-12 18:11:55 [    2.563578] ip_tables: (C) 2000-2006 Netfilter Core Team
2022-10-12 18:11:55 [    2.578445] NET: Registered protocol family 10
2022-10-12 18:11:55 [    2.584294] ip6_tables: (C) 2000-2006 Netfilter Core Team
2022-10-12 18:11:55 [    2.590132] sit: IPv6 over IPv4 tunneling driver
2022-10-12 18:11:55 [    2.596051] NET: Registered protocol family 17
2022-10-12 18:11:55 [    2.603923] ubi0: attaching mtd2
2022-10-12 18:11:55 [    2.606378] mmc1: new high speed SDIO card at address 0001
2022-10-12 18:11:55 [    2.668016] random: nonblocking pool is initialized
2022-10-12 18:11:55 [    2.694588] ubi0: scanning is finished
2022-10-12 18:11:55 [    2.705236] ubi0: attached mtd2 (name "appfs1", size 30 MiB)
2022-10-12 18:11:55 [    2.711205] ubi0: PEB size: 131072 bytes (128 KiB), LEB size: 126976 bytes
2022-10-12 18:11:55 [    2.718477] ubi0: min./max. I/O unit sizes: 2048/2048, sub-page size 2048
2022-10-12 18:11:55 [    2.725654] ubi0: VID header offset: 2048 (aligned 2048), data offset: 4096
2022-10-12 18:11:55 [    2.732993] ubi0: good PEBs: 240, bad PEBs: 0, corrupted PEBs: 0
2022-10-12 18:11:55 [    2.739346] ubi0: user volume: 1, internal volumes: 1, max. volumes count: 128
2022-10-12 18:11:55 [    2.746981] ubi0: max/mean erase counter: 16/9, WL threshold: 4096, image sequence number: 1922540787
2022-10-12 18:11:55 [    2.756717] ubi0: available PEBs: 0, total reserved PEBs: 240, PEBs reserved for bad PEB handling: 20
2022-10-12 18:11:55 [    2.766466] ubi1: attaching mtd4
2022-10-12 18:11:55 [    2.766476] ubi0: background thread "ubi_bgt0d" started, PID 544
2022-10-12 18:11:55 [    2.852220] ubi1: scanning is finished
2022-10-12 18:11:55 [    2.862830] ubi1: attached mtd4 (name "appfs2", size 30 MiB)
2022-10-12 18:11:55 [    2.868829] ubi1: PEB size: 131072 bytes (128 KiB), LEB size: 126976 bytes
2022-10-12 18:11:55 [    2.876096] ubi1: min./max. I/O unit sizes: 2048/2048, sub-page size 2048
2022-10-12 18:11:55 [    2.883273] ubi1: VID header offset: 2048 (aligned 2048), data offset: 4096
2022-10-12 18:11:55 [    2.890612] ubi1: good PEBs: 240, bad PEBs: 0, corrupted PEBs: 0
2022-10-12 18:11:55 [    2.896963] ubi1: user volume: 1, internal volumes: 1, max. volumes count: 128
2022-10-12 18:11:55 [    2.904594] ubi1: max/mean erase counter: 71/30, WL threshold: 4096, image sequence number: 1922540787
2022-10-12 18:11:55 [    2.914423] ubi1: available PEBs: 0, total reserved PEBs: 240, PEBs reserved for bad PEB handling: 20
2022-10-12 18:11:55 [    2.924173] ubi2: attaching mtd5
2022-10-12 18:11:55 [    2.924177] ubi1: background thread "ubi_bgt1d" started, PID 549
2022-10-12 18:11:55 [    3.035091] ubi2: scanning is finished
2022-10-12 18:11:56 [    3.045775] ubi2: attached mtd5 (name "data", size 40 MiB)
2022-10-12 18:11:56 [    3.051562] ubi2: PEB size: 131072 bytes (128 KiB), LEB size: 126976 bytes
2022-10-12 18:11:56 [    3.058841] ubi2: min./max. I/O unit sizes: 2048/2048, sub-page size 2048
2022-10-12 18:11:56 [    3.066018] ubi2: VID header offset: 2048 (aligned 2048), data offset: 4096
2022-10-12 18:11:56 [    3.073379] ubi2: good PEBs: 320, bad PEBs: 0, corrupted PEBs: 0
2022-10-12 18:11:56 [    3.079708] ubi2: user volume: 1, internal volumes: 1, max. volumes count: 128
2022-10-12 18:11:56 [    3.087340] ubi2: max/mean erase counter: 196/127, WL threshold: 4096, image sequence number: 202101101
2022-10-12 18:11:56 [    3.097260] ubi2: available PEBs: 0, total reserved PEBs: 320, PEBs reserved for bad PEB handling: 20
2022-10-12 18:11:56 [    3.107012] ubi3: attaching mtd6
2022-10-12 18:11:56 [    3.107022] ubi2: background thread "ubi_bgt2d" started, PID 554
2022-10-12 18:11:56 [    3.132269] ubi3: scanning is finished
2022-10-12 18:11:56 [    3.142688] ubi3: attached mtd6 (name "config", size 6 MiB)
2022-10-12 18:11:56 [    3.148595] ubi3: PEB size: 131072 bytes (128 KiB), LEB size: 126976 bytes
2022-10-12 18:11:56 [    3.155869] ubi3: min./max. I/O unit sizes: 2048/2048, sub-page size 2048
2022-10-12 18:11:56 [    3.163024] ubi3: VID header offset: 2048 (aligned 2048), data offset: 4096
2022-10-12 18:11:56 [    3.170386] ubi3: good PEBs: 48, bad PEBs: 0, corrupted PEBs: 0
2022-10-12 18:11:56 [    3.176645] ubi3: user volume: 1, internal volumes: 1, max. volumes count: 128
2022-10-12 18:11:56 [    3.184280] ubi3: max/mean erase counter: 1203/859, WL threshold: 4096, image sequence number: 1478537220
2022-10-12 18:11:56 [    3.194383] ubi3: available PEBs: 0, total reserved PEBs: 48, PEBs reserved for bad PEB handling: 20
2022-10-12 18:11:56 [    3.204044] ubi3: background thread "ubi_bgt3d" started, PID 559
2022-10-12 18:11:56 [    3.204047] ubi4: attaching mtd7
2022-10-12 18:11:56 [    3.229963] ubi4: scanning is finished
2022-10-12 18:11:56 [    3.240419] ubi4: attached mtd7 (name "extend", size 10 MiB)
2022-10-12 18:11:56 [    3.246416] ubi4: PEB size: 131072 bytes (128 KiB), LEB size: 126976 bytes
2022-10-12 18:11:56 [    3.253688] ubi4: min./max. I/O unit sizes: 2048/2048, sub-page size 2048
2022-10-12 18:11:56 [    3.260844] ubi4: VID header offset: 2048 (aligned 2048), data offset: 4096
2022-10-12 18:11:56 [    3.268199] ubi4: good PEBs: 80, bad PEBs: 0, corrupted PEBs: 0
2022-10-12 18:11:56 [    3.274458] ubi4: user volume: 1, internal volumes: 1, max. volumes count: 128
2022-10-12 18:11:56 [    3.282074] ubi4: max/mean erase counter: 1709/1319, WL threshold: 4096, image sequence number: 2104434976
2022-10-12 18:11:56 [    3.292264] ubi4: available PEBs: 0, total reserved PEBs: 80, PEBs reserved for bad PEB handling: 20
2022-10-12 18:11:56 [    3.301932] ubi4: background thread "ubi_bgt4d" started, PID 564
2022-10-12 18:11:56 [    3.302608] input: gpio_keys as /devices/platform/gpio_keys/input/input0
2022-10-12 18:11:56 [    3.316284] Warning: unable to open an initial console.
2022-10-12 18:11:56 [    3.322694] Freeing unused kernel memory: 1756K
2022-10-12 18:11:56 [    3.593963] UBIFS (ubi0:0): background thread "ubifs_bgt0_0" started, PID 586
2022-10-12 18:11:56 [    3.627865] UBIFS (ubi0:0): recovery needed
2022-10-12 18:11:56 [    3.679115] UBIFS (ubi0:0): recovery completed
2022-10-12 18:11:56 [    3.683864] UBIFS (ubi0:0): UBIFS: mounted UBI device 0, volume 0, name "appfs1"
2022-10-12 18:11:56 [    3.691720] UBIFS (ubi0:0): LEB size: 126976 bytes (124 KiB), min./max. I/O unit sizes: 2048 bytes/2048 bytes
2022-10-12 18:11:56 [    3.702224] UBIFS (ubi0:0): FS size: 26157056 bytes (24 MiB, 206 LEBs), journal size 4190208 bytes (3 MiB, 33 LEBs)
2022-10-12 18:11:56 [    3.713238] UBIFS (ubi0:0): reserved for root: 0 bytes (0 KiB)
2022-10-12 18:11:56 [    3.719388] UBIFS (ubi0:0): media format: w4/r0 (latest is w4/r0), UUID 76A3C65C-A4C4-4A39-B7FC-B41E88077307, small LPT model
2022-10-12 18:11:56 [    3.731880] UBIFS (ubi0:0): full atime support is enabled.
2022-10-12 18:11:56 [    3.743043] UBIFS (ubi2:0): background thread "ubifs_bgt2_0" started, PID 589
2022-10-12 18:11:56 [    3.776843] UBIFS (ubi2:0): recovery needed
2022-10-12 18:11:56 [    3.858767] UBIFS (ubi2:0): recovery completed
2022-10-12 18:11:56 [    3.863534] UBIFS (ubi2:0): UBIFS: mounted UBI device 2, volume 0, name "data"
2022-10-12 18:11:56 [    3.871204] UBIFS (ubi2:0): LEB size: 126976 bytes (124 KiB), min./max. I/O unit sizes: 2048 bytes/2048 bytes
2022-10-12 18:11:56 [    3.881707] UBIFS (ubi2:0): FS size: 36315136 bytes (34 MiB, 286 LEBs), journal size 5459968 bytes (5 MiB, 43 LEBs)
2022-10-12 18:11:56 [    3.892720] UBIFS (ubi2:0): reserved for root: 0 bytes (0 KiB)
2022-10-12 18:11:56 [    3.898883] UBIFS (ubi2:0): media format: w4/r0 (latest is w4/r0), UUID 4F836B25-C4A7-42BD-B693-AA71C62C05D5, small LPT model
2022-10-12 18:11:56 [    3.910975] UBIFS (ubi2:0): full atime support is enabled.
2022-10-12 18:11:56 [    3.920315] UBIFS (ubi3:0): background thread "ubifs_bgt3_0" started, PID 592
2022-10-12 18:11:56 [    3.954584] UBIFS (ubi3:0): recovery needed
2022-10-12 18:11:57 [    4.052426] UBIFS (ubi3:0): recovery completed
2022-10-12 18:11:57 [    4.057166] UBIFS (ubi3:0): UBIFS: mounted UBI device 3, volume 0, name "config"
2022-10-12 18:11:57 [    4.064999] UBIFS (ubi3:0): LEB size: 126976 bytes (124 KiB), min./max. I/O unit sizes: 2048 bytes/2048 bytes
2022-10-12 18:11:57 [    4.075467] UBIFS (ubi3:0): FS size: 1777664 bytes (1 MiB, 14 LEBs), journal size 1142785 bytes (1 MiB, 9 LEBs)
2022-10-12 18:11:57 [    4.086109] UBIFS (ubi3:0): reserved for root: 0 bytes (0 KiB)
2022-10-12 18:11:57 [    4.092258] UBIFS (ubi3:0): media format: w4/r0 (latest is w4/r0), UUID 1ACB7BFE-90FF-419B-B7A2-E7669FCAB763, small LPT model
2022-10-12 18:11:57 [    4.104610] UBIFS (ubi3:0): full atime support is enabled.
2022-10-12 18:11:57 [    4.113822] UBIFS (ubi4:0): background thread "ubifs_bgt4_0" started, PID 595
2022-10-12 18:11:57 [    4.148102] UBIFS (ubi4:0): recovery needed
2022-10-12 18:11:57 [    4.221383] UBIFS (ubi4:0): recovery completed
2022-10-12 18:11:57 [    4.226146] UBIFS (ubi4:0): UBIFS: mounted UBI device 4, volume 0, name "extend"
2022-10-12 18:11:57 [    4.234026] UBIFS (ubi4:0): LEB size: 126976 bytes (124 KiB), min./max. I/O unit sizes: 2048 bytes/2048 bytes
2022-10-12 18:11:57 [    4.244524] UBIFS (ubi4:0): FS size: 5840896 bytes (5 MiB, 46 LEBs), journal size 1650688 bytes (1 MiB, 13 LEBs)
2022-10-12 18:11:57 [    4.255260] UBIFS (ubi4:0): reserved for root: 0 bytes (0 KiB)
2022-10-12 18:11:57 [    4.261410] UBIFS (ubi4:0): media format: w4/r0 (latest is w4/r0), UUID 64F633A1-8102-4BEA-9CF1-28A81B79F6CC, small LPT model
2022-10-12 18:11:57 [    4.273507] UBIFS (ubi4:0): full atime support is enabled.
2022-10-12 18:11:57 
2022-10-12 18:11:57 ipcam login: [    4.402480] @@@@ tx-isp-probe ok (version H20220525a) @@@@@
2022-10-12 18:11:57 [    4.437125] name : i2c1 nr : 1
2022-10-12 18:11:57 [    4.523388]  sensor_read: addr=0x3f0 value = 0x56
2022-10-12 18:11:57 [    4.528492]  sensor_read: addr=0x3f1 value = 0x3
2022-10-12 18:11:57 [    4.533397] info: success sensor find : gc5603
2022-10-12 18:11:57 [    4.554743] @@@@@ inner codec power up@@@@@@
2022-10-12 18:11:57 [    4.843295] @@@@ audio driver ok(version H20210524a) @@@@@
2022-10-12 18:11:57 [    4.856920] soc_nna_probe success
2022-10-12 18:11:57 [    4.860577] soc_nna_init success
2022-10-12 18:11:57 [    4.883679] exFAT: Version 1.2.9
2022-10-12 18:11:57 [    4.962156] wlan.c initWlan
2022-10-12 18:11:57 [    4.965205] 
2022-10-12 18:11:57 [    4.965205] *** _import_default_cfg, /lib/modules/ssv6x5x-wifi.cfg ***
2022-10-12 18:11:57 [    4.965205] 
2022-10-12 18:11:57 [    4.977411] ssv6xxx_hci_init() start
2022-10-12 18:11:57 [    4.981422] ssv6xxx_sdio_init
2022-10-12 18:11:57 [    4.984804] =======================================
2022-10-12 18:11:57 [    4.989949] ==           RUN SDIO                ==
2022-10-12 18:11:57 [    4.995120] =======================================
2022-10-12 18:11:57 [    5.000264] max block count: 511
2022-10-12 18:11:57 [    5.003878] ssv6xxx_set_sdio_clk: set sdio clk 25000000Hz
2022-10-12 18:11:58 [    5.062250] SSV6XXX_SDIO mmc1:0001:1: vendor = 0x3030 device = 0x3030
2022-10-12 18:11:58 [    5.069060] ssv6xxx_sdio_power_on
2022-10-12 18:11:58 [    5.083402] SSV6XXX_SDIO mmc1:0001:1: dataIOPort 0x10000 regIOPort 0x10020
2022-10-12 18:11:58 [    5.148912] SSV6XXX_SDIO mmc1:0001:1: dataIOPort 0x10000 regIOPort 0x10020
2022-10-12 18:11:58 [    5.156632] SSV6XXX_SDIO mmc1:0001:1: CHIP ID: SSV6006C0        
2022-10-12 18:11:58 [    5.162976] Attach SSV6006 family HWIF HAL function  
2022-10-12 18:11:58 [    5.168605] Chip type a0
2022-10-12 18:11:58 [    5.171273] Load SSV6006 HWIF HAL HWIF function 
2022-10-12 18:11:58 [    5.176462] ssv6xxx_dev_probe(): SSV6X5X device "SSV6006C" found !
2022-10-12 18:11:58 [    5.183090] SSV6006C
2022-10-12 18:11:58 [    5.185432] Attach SSV6006 family HAL function  
2022-10-12 18:11:58 [    5.190566] Load SSV6006 common code
2022-10-12 18:11:58 [    5.194365] Load SSV6006C/D HAL MAC function 
2022-10-12 18:11:58 [    5.199046] Chip type a0
2022-10-12 18:11:58 [    5.201713] Load SSV6006 HAL common PHY function 
2022-10-12 18:11:58 [    5.206692] Load SSV6006C/D HAL BB-RF function 
2022-10-12 18:11:58 [    5.211605] SSV6XXX HCI TX Task started.
2022-10-12 18:11:58 [    5.211792] CHIP TAG: 2017071400053011 
2022-10-12 18:11:58 [    5.212424] MAC address from e-fuse
2022-10-12 18:11:58 [    5.212427] EFUSE configuration
2022-10-12 18:11:58 [    5.212431] Read efuse chip identity[79000000]
2022-10-12 18:11:58 [    5.212433] r_calbration_result- 0
2022-10-12 18:11:58 [    5.212434] sar_result- 0
2022-10-12 18:11:58 [    5.212437] crystal_frequency_offset- bc
2022-10-12 18:11:58 [    5.212438] tx_power_index_1- 55
2022-10-12 18:11:58 [    5.212440] tx_power_index_2- b8
2022-10-12 18:11:58 [    5.212445] MAC address - 08:6f:48:4c:10:56
2022-10-12 18:11:58 [    5.212447] rate_table_1- 50
2022-10-12 18:11:58 [    5.212448] rate_table_2- 0
2022-10-12 18:11:58 [    5.212497] flash_file /tmp/flash.bin not found
2022-10-12 18:11:58 [    5.212501]  ssv6006_if_chk_mac2: is not need to check MAC addres 2 for this model 
2022-10-12 18:11:58 [    5.212507] ssv6006_adj_config: not support external PA for this chip
2022-10-12 18:11:58 [    5.212512] rate gain legacy use default value
2022-10-12 18:11:58 [    5.212514] rate gain ht20 use default value
2022-10-12 18:11:58 [    5.212516] rate gain ht40 use default value
2022-10-12 18:11:58 [    5.212519] band gain use 5
2022-10-12 18:11:58 [    5.212522] band gain use 5
2022-10-12 18:11:58 [    5.212525] band gain use 8
2022-10-12 18:11:58 [    5.212527] band gain use 11
2022-10-12 18:11:58 [    5.283872] SSV6XXX RX Task started.
2022-10-12 18:11:58 [    5.314200] ssv6xxx_sdio_irq_disable
2022-10-12 18:11:58 [    5.318247] ssv6xxx_sdio_recv_rx_func(): dlen = 7174, goto skip.
2022-10-12 18:11:58 [    5.384945] Enable HCI TX aggregation
2022-10-12 18:11:58 [    5.415921] Using firmware "ssv6x5x-sw.bin".
2022-10-12 18:11:58 [    5.420424] ssv6xxx_set_sdio_clk: set sdio clk 25000000Hz
2022-10-12 18:11:58 [    5.623238] ssv6xxx_set_sdio_clk: set sdio clk 50000000Hz
2022-10-12 18:11:58 [    5.681644] Firmware version 10097
2022-10-12 18:11:59 [    6.093184] patch[ccb0e134 => 00100010]
2022-10-12 18:11:59 [    6.112868] INIT SSV CONTROL GENERIC NETLINK MODULE
2022-10-12 18:11:59 [    6.118135] ieee80211 phy0: SSV6X5X of iComm-semi
2022-10-12 18:12:01 [    8.157304] motor_probe1436,motor reset.
2022-10-12 18:12:01 [    8.161499] motor_ops_reset906,motorReset=1,dst_x=1527,dst_y=850.
2022-10-12 18:12:01 [    8.168845] max: index=0,name=Horizontal motor,cur_steps=3100,max_steps=3100,state=2,move_dir=-1,cruise:mode-cnt-maxcnt=0-0-0.
2022-10-12 18:12:01 [    8.180863] max: index=1,name=Vertical motor,cur_steps=2400,max_steps=2400,state=2,move_dir=-1,cruise:mode-cnt-maxcnt=0-0-0.
2022-10-12 18:12:07 [   14.397148] reset over goto 1527.850.
2022-10-12 18:12:09 [   16.103407] max: index=1,name=Vertical motor,cur_steps=850,max_steps=850,state=3,move_dir=1,cruise:mode-cnt-maxcnt=0-0-0.
2022-10-12 18:12:11 [   18.621567] jz_pwm_probe[360] d_name = ingenic,tcu_chn0
2022-10-12 18:12:11 [   18.627727] jz_pwm_probe[360] d_name = ingenic,tcu_chn2
2022-10-12 18:12:11 [   18.636018] jz_pwm_probe[360] d_name = ingenic,tcu_chn4
2022-10-12 18:12:11 [   18.644132] jz_pwm_probe[360] d_name = ingenic,tcu_chn5
2022-10-12 18:12:11 [   18.649809] The version of PWM driver is H20210412a
2022-10-12 18:12:11 [   18.659408] request pwm channel 0 successfully
2022-10-12 18:12:11 [   18.666085] request pwm channel 2 successfully
2022-10-12 18:12:11 [   18.670777] request pwm channel 4 successfully
2022-10-12 18:12:11 [   18.675580] request pwm channel 5 successfully
2022-10-12 18:12:11 [   18.680463] pwm-jz pwm-jz: jz_pwm_probe register ok !
2022-10-12 18:12:11 [   18.707008] FAT-fs (mmcblk0p1): Volume was not properly unmounted. Some data may be corrupt. Please run fsck.
2022-10-12 18:12:12 [   19.722064] SVN version 171
2022-10-12 18:12:12 [   19.725101] SVN ROOT URL svn://10.10.20.32/host/SMAC/branch/L.SMAC.19Q3.0000.00 
2022-10-12 18:12:12 [   19.732900] COMPILER HOST ub1server 
2022-10-12 18:12:12 [   19.736726] COMPILER DATE 07-03-2021-16:52:09 
2022-10-12 18:12:12 [   19.741409] COMPILER OS linux 
2022-10-12 18:12:12 [   19.744686] COMPILER OS ARCH x86_64-linux-gnu-thread-multi 
2022-10-12 18:12:12 [   19.754916] Not support set USB LPM for this model!!
2022-10-12 18:12:12 [   19.760644] ssv6200_start(): current channel: 1,sc->ps_status=0
2022-10-12 18:12:12 [   19.855917] [I] ssv6200_add_interface(): 
2022-10-12 18:12:12 [   19.860148] ssv6xxx_config_vif_res id[0].
2022-10-12 18:12:12 [   19.864430] SSV WLAN driver SSV6006C: Set new macaddr
2022-10-12 18:12:12 [   19.870223] SSV WLAN driver SSV6006C: VIF 08:6f:48:4c:10:56 of type 2 is added.
2022-10-12 18:12:12 [   19.878067] BSS Changed use_short_preamble[0]
2022-10-12 18:12:12 [   19.882807] BSS Changed use_cts_prot[0]
2022-10-12 18:12:12 [   19.886900] BSS_CHANGED_ERP_SLOT: use_short_slot[0]
2022-10-12 18:12:12 [   19.892398] [I] sv6200_conf_tx vif[0] qos[0] queue[0] aifsn[2] cwmin[15] cwmax[1023] txop[0] 
2022-10-12 18:12:12 [   19.904721] [I] sv6200_conf_tx vif[0] qos[0] queue[1] aifsn[2] cwmin[15] cwmax[1023] txop[0] 
2022-10-12 18:12:12 [   19.914187] [I] sv6200_conf_tx vif[0] qos[0] queue[2] aifsn[2] cwmin[15] cwmax[1023] txop[0] 
2022-10-12 18:12:12 [   19.923406] [I] sv6200_conf_tx vif[0] qos[0] queue[3] aifsn[2] cwmin[15] cwmax[1023] txop[0] 
2022-10-12 18:12:12 [   19.932573] IEEE80211_CONF_CHANGE_POWER change power level to 20
2022-10-12 18:12:12 [   19.938952] Disable IEEE80211_CONF_PS ps_aid=0
2022-10-12 18:12:12 [   19.943662] Disable IEEE80211_CONF_MONITOR
2022-10-12 18:12:12 [   19.948338] IPv6: ADDRCONF(NETDEV_UP): wlan0: link is not ready
2022-10-12 18:12:17 [   24.342805] set sensor mclk(1) gpio
2022-10-12 18:12:17 [   24.413430] -----gc5603_detect: 704 ret = 0, v = 0x56
2022-10-12 18:12:17 [   24.418918] -----gc5603_detect: 710 ret = 0, v = 0x03
2022-10-12 18:12:17 [   24.424378] gc5603 chip found @ 0x31 (i2c1)
2022-10-12 18:12:17  sensor drv version H20220714a Create framechan0 OK! 
2022-10-12 18:12:17 [   24.434410]  Create framechan1 OK! 
2022-10-12 18:12:17 [   24.438376]  Create framechan2 OK! 
2022-10-12 18:12:18 [   25.230068] SSV WLAN driver SSV6006C: Removing interface 08:6f:48:4c:10:56. PS=0
2022-10-12 18:12:18 [   25.238822] ssv6200_stop(): sc->ps_status=0
2022-10-12 18:12:18 [   25.244847] [A] ssv6xxx_beacon_release Enter
2022-10-12 18:12:18 [   25.258036] ssv6200_stop(): leave, hci_txq_len 0
2022-10-12 18:12:18 [   25.496918] SVN version 171
2022-10-12 18:12:18 [   25.499870] SVN ROOT URL svn://10.10.20.32/host/SMAC/branch/L.SMAC.19Q3.0000.00 
2022-10-12 18:12:18 [   25.511074] COMPILER HOST ub1server 
2022-10-12 18:12:18 [   25.516019] COMPILER DATE 07-03-2021-16:52:09 
2022-10-12 18:12:18 [   25.520820] COMPILER OS linux 
2022-10-12 18:12:18 [   25.525007] COMPILER OS ARCH x86_64-linux-gnu-thread-multi 
2022-10-12 18:12:18 [   25.540885] Not support set USB LPM for this model!!
2022-10-12 18:12:18 [   25.547193] ssv6200_start(): current channel: 1,sc->ps_status=0
2022-10-12 18:12:18 [   25.572002] [I] ssv6200_add_interface(): 
2022-10-12 18:12:18 [   25.576465] ssv6xxx_config_vif_res id[0].
2022-10-12 18:12:18 [   25.580737] SSV WLAN driver SSV6006C: Set new macaddr
2022-10-12 18:12:18 [   25.587025] SSV WLAN driver SSV6006C: VIF e0:ef:02:6a:8d:7f of type 2 is added.
2022-10-12 18:12:18 [   25.594837] BSS Changed use_short_preamble[0]
2022-10-12 18:12:18 [   25.599445] BSS Changed use_cts_prot[0]
2022-10-12 18:12:18 [   25.606261] BSS_CHANGED_ERP_SLOT: use_short_slot[0]
2022-10-12 18:12:18 [   25.612193] [I] sv6200_conf_tx vif[0] qos[0] queue[0] aifsn[2] cwmin[15] cwmax[1023] txop[0] 
2022-10-12 18:12:18 [   25.622577] [I] sv6200_conf_tx vif[0] qos[0] queue[1] aifsn[2] cwmin[15] cwmax[1023] txop[0] 
2022-10-12 18:12:18 [   25.632377] [I] sv6200_conf_tx vif[0] qos[0] queue[2] aifsn[2] cwmin[15] cwmax[1023] txop[0] 
2022-10-12 18:12:18 [   25.641972] [I] sv6200_conf_tx vif[0] qos[0] queue[3] aifsn[2] cwmin[15] cwmax[1023] txop[0] 
2022-10-12 18:12:18 [   25.659374] IEEE80211_CONF_CHANGE_POWER change power level to 20
2022-10-12 18:12:18 [   25.666161] Disable IEEE80211_CONF_PS ps_aid=0
2022-10-12 18:12:18 [   25.671970] Disable IEEE80211_CONF_MONITOR
2022-10-12 18:12:18 [   25.677979] IPv6: ADDRCONF(NETDEV_UP): wlan0: link is not ready
2022-10-12 18:12:24 [   31.501813] wlan0: authenticate with c8:5b:a0:06:31:21
2022-10-12 18:12:24 [   31.518405] BSS_CHANGED_BSSID: c8:5b:a0:06:31:21
2022-10-12 18:12:24 [   31.525724] wlan0: send auth to c8:5b:a0:06:31:21 (try 1/3)
2022-10-12 18:12:24 [   31.537400] wlan0: authenticated
2022-10-12 18:12:24 [   31.543326] wlan0: associate with c8:5b:a0:06:31:21 (try 1/3)
2022-10-12 18:12:24 [   31.568329] wlan0: RX AssocResp from c8:5b:a0:06:31:21 (capab=0x131 status=0 aid=5)
2022-10-12 18:12:24 [   31.577734] [I] ssv6200_sta_add(): vif[0] Add c8:5b:a0:06:31:21 to VIF 0 sw_idx=0, wsid=0
2022-10-12 18:12:24 [   31.588015] [I] sv6200_conf_tx vif[0] qos[0] queue[0] aifsn[2] cwmin[3] cwmax[7] txop[47] 
2022-10-12 18:12:24 [   31.597298] [I] sv6200_conf_tx vif[0] qos[0] queue[1] aifsn[2] cwmin[7] cwmax[15] txop[94] 
2022-10-12 18:12:24 [   31.612390] [I] sv6200_conf_tx vif[0] qos[0] queue[2] aifsn[3] cwmin[15] cwmax[1023] txop[0] 
2022-10-12 18:12:24 [   31.622450] [I] sv6200_conf_tx vif[0] qos[0] queue[3] aifsn[7] cwmin[15] cwmax[1023] txop[0] 
2022-10-12 18:12:24 [   31.633163] BSS Changed use_short_preamble[1]
2022-10-12 18:12:24 [   31.638604] BSS_CHANGED_ERP_SLOT: use_short_slot[1]
2022-10-12 18:12:24 [   31.644521] !!info->aid = 5
2022-10-12 18:12:24 [   31.647998] IPv6: ADDRCONF(NETDEV_CHANGE): wlan0: link becomes ready
2022-10-12 18:12:24 [   31.656616] wlan0: associated
2022-10-12 18:12:24 [   31.659987] IEEE80211_AMPDU_RX_START C8:5B:A0:06:31:21 5.
2022-10-12 18:12:24 [   31.721787] SSV WLAN driver SSV6006C: Set key VIF 0 VIF type 2 STA 0 algorithm = 4, key->keyidx = 0, cmd = 0
2022-10-12 18:12:24 [   31.732478] SSV WLAN driver SSV6006C: STA 0 uses HW encrypter for pairwise.
2022-10-12 18:12:24 [   31.741744] Set parewise key type 4
2022-10-12 18:12:24 [   31.745715] _ssv6006c_set_pairwise_cipher_type, wsid_idx 0, cipher 4
2022-10-12 18:12:24 [   31.757671] SSV WLAN driver SSV6006C: Set STA 0's pair-wise key of 16 bytes.
2022-10-12 18:12:24 [   31.770436] _ssv6006c_write_pairwise_keyidx_to_hw, wsid_idx 0, key_idx 0
2022-10-12 18:12:24 [   31.778548] _ssv6006c_write_pairwise_key_to_hw, wsid_idx 0, key_idx 0, key_len 16, alg 4
2022-10-12 18:12:24 [   31.789622] sta: hw_en:1, sw_en:0, hw_de:1, sw_de:0,
2022-10-12 18:12:24 [   31.795081] vif: hw_en:0, sw_en:0, hw_de:0, sw_de:0, valid:0
2022-10-12 18:12:24 [   31.804561] SET KEY 0
2022-10-12 18:12:24 [   31.808999] SSV WLAN driver SSV6006C: Set key VIF 0 VIF type 2 STA -1 algorithm = 4, key->keyidx = 1, cmd = 0
2022-10-12 18:12:24 [   31.819694] SSV WLAN driver SSV6006C: VIF 0 uses HW CCMP cipher for group.
2022-10-12 18:12:24 [   31.828155] Set group key type 4
2022-10-12 18:12:24 [   31.832044] _ssv6006c_set_group_cipher_type, vif_idx 0, cipher 4
2022-10-12 18:12:24 [   31.839415] SSV WLAN driver SSV6006C: Setting VIF 0 group key 1 of length 16 to WSID -1.
2022-10-12 18:12:24 [   31.848467] Set CCMP/TKIP group key index 1 to WSID 0.
2022-10-12 18:12:24 [   31.855174] SSV WLAN driver SSV6006C: Write group key index 1 to VIF 0 
2022-10-12 18:12:24 [   31.862223] _ssv6006c_write_group_keyidx_to_hw, vif_idx 0, ptr->key_idx 1
2022-10-12 18:12:24 [   31.873234] _ssv6006c_write_group_key_to_hw, vif_idx 0, key_idx 1, key_len 16, alg 4
2022-10-12 18:12:24 [   31.882316] vif: hw_en:1, sw_en:0, hw_de:1, sw_de:0, valid:1
2022-10-12 18:12:24 [   31.889459] SET KEY 0
2022-10-12 18:12:24 [   31.943326] AMPDU_TX_START C8:5B:A0:06:31:21 0.
2022-10-12 18:12:24 [   31.948110] ssv6xxx_ampdu_opertaion() tid 0, wsid 0
2022-10-12 18:12:24 [   31.961073] AMPDU_TX_OPERATIONAL C8:5B:A0:06:31:21 0.
2022-10-12 18:12:27 [   34.590392] soc_nna_open: open sucess
2022-10-12 18:12:27 [   34.595428] soc-nna version is H20211130
2022-10-12 18:13:59 [  126.091966] reboot: Restarting system
2022-10-12 18:13:59 [  126.098507] ingenic default reboot sign
2022-10-12 18:13:59 
2022-10-12 18:13:59 
2022-10-12 18:13:59 
2022-10-12 18:13:59 U-Boot SPL 2013.07 (Sep 07 2022 - 17:06:33)
2022-10-12 18:13:59 
2022-10-12 18:13:59 apll_freq = 912000000 
2022-10-12 18:13:59 mpll_freq = 1100000000 
2022-10-12 18:13:59 vpll_freq = 1308000000 
2022-10-12 18:13:59 epll_freq = 891000000
2022-10-12 18:13:59 cpu clk source: apll
2022-10-12 18:13:59 ddr clk source: mpll
2022-10-12 18:13:59 DDR clk rate: 550000000
2022-10-12 18:13:59 
2022-10-12 18:13:59 spl_sfc_nand_load:399
2022-10-12 18:13:59 00006c00,00064000,80100000
2022-10-12 18:13:59 spl_sfc_nand_load:402
2022-10-12 18:13:59 image entry point: 0x80100000
2022-10-12 18:13:59 Board: ISVP (Ingenic XBurst T40 SoC)
2022-10-12 18:13:59 DRAM:  128 MiB
2022-10-12 18:13:59 Top of RAM usable for U-Boot at: 88000000
2022-10-12 18:13:59 Reserving 552k for U-Boot at: 87f74000
2022-10-12 18:13:59 Reserving 65664k for malloc() at: 83f54000
2022-10-12 18:13:59 Reserving 32 Bytes for Board Info at: 83f53fe0
2022-10-12 18:13:59 Reserving 124 Bytes for Global Data at: 83f53f64
2022-10-12 18:13:59 Reserving 128k for boot params() at: 83f33f64
2022-10-12 18:13:59 Stack Pointer at: 83f33f48
2022-10-12 18:13:59 Now running in RAM - U-Boot at: 87f74000
2022-10-12 18:13:59 NAND:  0 MiB
2022-10-12 18:13:59 SFC_NAND:  ***sfc init!
2022-10-12 18:13:59 MMC:   MSC: 0
2022-10-12 18:13:59 
2022-10-12 18:13:59 NAND read: device 0 offset 0xc0000, size 0x20000
2022-10-12 18:13:59  131072 bytes read: OK
2022-10-12 18:13:59 
2022-10-12 18:13:59 NAND read: device 0 offset 0xe0000, size 0x20000
2022-10-12 18:13:59  131072 bytes read: OK
2022-10-12 18:13:59 Data transfer:    serial
2022-10-12 18:13:59 RESET :0
2022-10-12 18:14:00 RESET :0
2022-10-12 18:14:00 reading FIRMWARE_P8MAX_flash_part1.bin
2022-10-12 18:14:00 ** Unable to read file FIRMWARE_P8MAX_flash_part1.bin **
2022-10-12 18:14:00 File FIRMWARE_P8MAX_flash_part1.bin Not exist!,now try upgrade file. 
2022-10-12 18:14:00 cmd: fatload mmc 0 0x80600000 FIRMWARE_P8MAX_F.bin 
2022-10-12 18:14:00 reading FIRMWARE_P8MAX_F.bin
2022-10-12 18:14:00 ** Unable to read file FIRMWARE_P8MAX_F.bin **
2022-10-12 18:14:00 File FIRMWARE_P8MAX_F.bin Not exist!
2022-10-12 18:14:00 sdupdate - auto upgrade file from mmc to flash
2022-10-12 18:14:00 
2022-10-12 18:14:00 Usage:
2022-10-12 18:14:00 sdupdate LOAD_ID ADDR_START ADDR_END
2022-10-12 18:14:00 LOAD_ID: 0-->u-boot
2022-10-12 18:14:00 	 1-->kernel
2022-10-12 18:14:00 	 2-->rootfs
2022-10-12 18:14:00 	 3-->demo.bin
2022-10-12 18:14:00 ex:
2022-10-12 18:14:00 	sdupdate   (update all)
2022-10-12 18:14:00 or 
2022-10-12 18:14:00 	sdupdate 0 0x0 0x40000
2022-10-12 18:14:00 
2022-10-12 18:14:00 NAND read: device 0 offset 0x100000, size 0x40
2022-10-12 18:14:00  64 bytes read: OK
2022-10-12 18:14:00 main kernel ntohl(hdr1.ih_magic) :0x27051956,IH_MAGIC:0x27051956
2022-10-12 18:14:00 
2022-10-12 18:14:00 Main image OK.
2022-10-12 18:14:00 
2022-10-12 18:14:00 bootcmd="nand read 0x80600000 0x100000 0x400000;bootm 0x80600000"
2022-10-12 18:14:00 Hit any key to stop autoboot:  0 
2022-10-12 18:14:00 
2022-10-12 18:14:00 NAND read: device 0 offset 0x100000, size 0x400000
2022-10-12 18:14:01  4194304 bytes read: OK
2022-10-12 18:14:01    Image Name:   Linux-4.4.94
2022-10-12 18:14:01    Image Type:   MIPS Linux Kernel Image (lzma compressed)
2022-10-12 18:14:01    Data Size:    3834332 Bytes = 3.7 MiB
2022-10-12 18:14:01    Load Address: 80010000
2022-10-12 18:14:01    Entry Point:  804af990
2022-10-12 18:14:01    Verifying Checksum ... OK
2022-10-12 18:27:41 [  166.280174] reboot: Restarting system
2022-10-12 18:27:41 [  166.284305] ingenic default reboot sign
2022-10-12 18:27:42 
2022-10-12 18:27:42 
2022-10-12 18:27:42 
2022-10-12 18:27:42 U-Boot SPL 2013.07 (Sep 07 2022 - 17:06:33)
2022-10-12 18:27:42 
2022-10-12 18:27:42 apll_freq = 912000000 
2022-10-12 18:27:42 mpll_freq = 1100000000 
2022-10-12 18:27:42 vpll_freq = 1308000000 
2022-10-12 18:27:42 epll_freq = 891000000
2022-10-12 18:27:42 cpu clk source: apll
2022-10-12 18:27:42 ddr clk source: mpll
2022-10-12 18:27:42 DDR clk rate: 550000000
2022-10-12 18:27:42 
2022-10-12 18:27:42 spl_sfc_nand_load:399
2022-10-12 18:27:42 00006c00,00064000,80100000
2022-10-12 18:27:42 spl_sfc_nand_load:402
2022-10-12 18:27:42 image entry point: 0x80100000
2022-10-12 18:27:42 Board: ISVP (Ingenic XBurst T40 SoC)
2022-10-12 18:27:42 DRAM:  128 MiB
2022-10-12 18:27:42 Top of RAM usable for U-Boot at: 88000000
2022-10-12 18:27:42 Reserving 552k for U-Boot at: 87f74000
2022-10-12 18:27:42 Reserving 65664k for malloc() at: 83f54000
2022-10-12 18:27:42 Reserving 32 Bytes for Board Info at: 83f53fe0
2022-10-12 18:27:42 Reserving 124 Bytes for Global Data at: 83f53f64
2022-10-12 18:27:42 Reserving 128k for boot params() at: 83f33f64
2022-10-12 18:27:42 Stack Pointer at: 83f33f48
2022-10-12 18:27:42 Now running in RAM - U-Boot at: 87f74000
2022-10-12 18:27:42 NAND:  0 MiB
2022-10-12 18:27:42 SFC_NAND:  ***sfc init!
2022-10-12 18:27:42 MMC:   MSC: 0
2022-10-12 18:27:42 
2022-10-12 18:27:42 NAND read: device 0 offset 0xc0000, size 0x20000
2022-10-12 18:27:42  131072 bytes read: OK
2022-10-12 18:27:42 
2022-10-12 18:27:42 NAND read: device 0 offset 0xe0000, size 0x20000
2022-10-12 18:27:42  131072 bytes read: OK
2022-10-12 18:27:42 Data transfer:    serial
2022-10-12 18:27:42 RESET :0
2022-10-12 18:27:43 RESET :0
2022-10-12 18:27:43 reading FIRMWARE_P8MAX_flash_part1.bin
2022-10-12 18:27:43 ** Unable to read file FIRMWARE_P8MAX_flash_part1.bin **
2022-10-12 18:27:43 File FIRMWARE_P8MAX_flash_part1.bin Not exist!,now try upgrade file. 
2022-10-12 18:27:43 cmd: fatload mmc 0 0x80600000 FIRMWARE_P8MAX_F.bin 
2022-10-12 18:27:43 reading FIRMWARE_P8MAX_F.bin
2022-10-12 18:27:43 ** Unable to read file FIRMWARE_P8MAX_F.bin **
2022-10-12 18:27:43 File FIRMWARE_P8MAX_F.bin Not exist!
2022-10-12 18:27:43 sdupdate - auto upgrade file from mmc to flash
2022-10-12 18:27:43 
2022-10-12 18:27:43 Usage:
2022-10-12 18:27:43 sdupdate LOAD_ID ADDR_START ADDR_END
2022-10-12 18:27:43 LOAD_ID: 0-->u-boot
2022-10-12 18:27:43 	 1-->kernel
2022-10-12 18:27:43 	 2-->rootfs
2022-10-12 18:27:43 	 3-->demo.bin
2022-10-12 18:27:43 ex:
2022-10-12 18:27:43 	sdupdate   (update all)
2022-10-12 18:27:43 or 
2022-10-12 18:27:43 	sdupdate 0 0x0 0x40000
2022-10-12 18:27:43 
2022-10-12 18:27:43 NAND read: device 0 offset 0x100000, size 0x40
2022-10-12 18:27:43  64 bytes read: OK
2022-10-12 18:27:43 main kernel ntohl(hdr1.ih_magic) :0x27051956,IH_MAGIC:0x27051956
2022-10-12 18:27:43 
2022-10-12 18:27:43 Main image OK.
2022-10-12 18:27:43 
2022-10-12 18:27:43 bootcmd="nand read 0x80600000 0x100000 0x400000;bootm 0x80600000"
2022-10-12 18:27:43 Hit any key to stop autoboot:  0 
2022-10-12 18:27:43 
2022-10-12 18:27:43 NAND read: device 0 offset 0x100000, size 0x400000
2022-10-12 18:27:44  4194304 bytes read: OK
2022-10-12 18:27:44    Image Name:   Linux-4.4.94
2022-10-12 18:27:44    Image Type:   MIPS Linux Kernel Image (lzma compressed)
2022-10-12 18:27:44    Data Size:    3834332 Bytes = 3.7 MiB
2022-10-12 18:27:44    Load Address: 80010000
2022-10-12 18:27:44    Entry Point:  804af990
2022-10-12 18:27:44    Verifying Checksum ... OK
2022-10-12 18:27:45    Uncompressing Kernel Image ... OK
2022-10-12 18:27:45 
2022-10-12 18:27:45 Starting kernel ...
2022-10-12 18:27:45 
2022-10-12 18:27:45 [    0.000000] Linux version 4.4.94 (carzzy@ubuntu) (gcc version 7.2.0 (Ingenic r4.0.0-gcc720 2018.02-28) ) #100 SMP PREEMPT Wed Sep 7 17:19:01 CST 2022
2022-10-12 18:27:45 [    0.000000] CPU0 RESET ERROR PC:801F3940
2022-10-12 18:27:45 [    0.000000] [<801f3940>] __delay+0x0/0x10
2022-10-12 18:27:45 [    0.000000] bootconsole [early0] enabled
2022-10-12 18:27:45 [    0.000000] CPU0 revision is: 00132100 (Ingenic XBurst@II)
2022-10-12 18:27:45 [    0.000000] FPU revision is: 00f32100
2022-10-12 18:27:45 [    0.000000] MIPS: machine is ingenic,shark
2022-10-12 18:27:45 [    0.000000] Determined physical RAM map:
2022-10-12 18:27:45 [    0.000000]  memory: 00649000 @ 00010000 (usable)
2022-10-12 18:27:45 [    0.000000]  memory: 001b7000 @ 00659000 (usable after init)
2022-10-12 18:27:45 [    0.000000] User-defined physical RAM map:
2022-10-12 18:27:45 [    0.000000]  memory: 03b00000 @ 00000000 (usable)
2022-10-12 18:27:45 [    0.000000] Initrd not found or empty - disabling initrd
2022-10-12 18:27:45 [    0.000000] Zone ranges:
2022-10-12 18:27:45 [    0.000000]   Normal   [mem 0x0000000000000000-0x0000000003afffff]
2022-10-12 18:27:45 [    0.000000]   HighMem  empty
2022-10-12 18:27:45 [    0.000000] Movable zone start for each node
2022-10-12 18:27:45 [    0.000000] Early memory node ranges
2022-10-12 18:27:45 [    0.000000]   node   0: [mem 0x0000000000000000-0x0000000003afffff]
2022-10-12 18:27:45 [    0.000000] Initmem setup node 0 [mem 0x0000000000000000-0x0000000003afffff]
2022-10-12 18:27:45 [    0.000000] [SMP] Slave CPU(s) 1 available.
2022-10-12 18:27:45 [    0.000000] Primary instruction cache 32kB, VIPT, 8-way, linesize 32 bytes.
2022-10-12 18:27:45 [    0.000000] Primary data cache 32kB, 8-way, VIPT, no aliases, linesize 32 bytes
2022-10-12 18:27:45 [    0.000000] =======found ...... ingenic sc cache ops ...!, found: 1
2022-10-12 18:27:45 [    0.000000] 
2022-10-12 18:27:45 [    0.000000] Unified secondary cache 128kB 8-way, linesize 64 bytes.
2022-10-12 18:27:45 [    0.000000] PERCPU: Embedded 10 pages/cpu @81099000 s8464 r8192 d24304 u40960
2022-10-12 18:27:45 [    0.000000] Built 1 zonelists in Zone order, mobility grouping off.  Total pages: 14986
2022-10-12 18:27:45 [    0.000000] Kernel command line: console=ttyS1,115200n8 mem=59M@0x0 rmem=53M@0x3B00000 nmem=16M@0x7000000 init=/linuxrc ubi.mtd=2 ubi.mtd=4 ubi.mtd=5 ubi.mtd=6 ubi.mtd=7 rw mtdparts=sfc_nand:1M(uboot),4M(kernel1),30M(appfs1),4M(kernel2),30M(appfs2),40M(data),6M(config),10M(extend) lpj=11968512
2022-10-12 18:27:45 [    0.000000] PID hash table entries: 256 (order: -2, 1024 bytes)
2022-10-12 18:27:45 [    0.000000] Dentry cache hash table entries: 8192 (order: 3, 32768 bytes)
2022-10-12 18:27:45 [    0.000000] Inode-cache hash table entries: 4096 (order: 2, 16384 bytes)
2022-10-12 18:27:45 [    0.000000] Memory: 51264K/60416K available (4762K kernel code, 281K rwdata, 1384K rodata, 1756K init, 146K bss, 9152K reserved, 0K cma-reserved, 0K highmem)
2022-10-12 18:27:45 [    0.000000] SLUB: HWalign=32, Order=0-3, MinObjects=0, CPUs=2, Nodes=1
2022-10-12 18:27:45 [    0.000000] Preemptible hierarchical RCU implementation.
2022-10-12 18:27:45 [    0.000000] 	Build-time adjustment of leaf fanout to 32.
2022-10-12 18:27:45 [    0.000000] NR_IRQS:419
2022-10-12 18:27:45 [    0.000000] parse cpu-intc-iomap, intc define in dt is too large!
2022-10-12 18:27:45 [    0.000000] core irq setup finished
2022-10-12 18:27:45 [    0.000000] percpu irq inited.
2022-10-12 18:27:45 [    0.000000] t40 Clock Power Management Unit init!
2022-10-12 18:27:45 [    0.000000] =========== t40 clocks: =============
2022-10-12 18:27:45 [    0.000000] 	apll     = 912000000 , mpll     = 1100000000
2022-10-12 18:27:45 [    0.000000] 	cpu_clk  = 912000000 , l2c_clk  = 456000000
2022-10-12 18:27:45 [    0.000000] 	ahb0_clk = 183333334 , ahb2_clk = 183333334
2022-10-12 18:27:45 [    0.000000] 	apb_clk  = 91666667 , ext_clk  = 24000000
2022-10-12 18:27:45 [    0.000000] 
2022-10-12 18:27:45 [    0.000000] parse cpu-ost-iomap, ost number define in dt is too large!
2022-10-12 18:27:45 [    0.000000] percpu cpu_num:0 timerevent init
2022-10-12 18:27:45 [    0.000000] clockevents_config_and_register success.
2022-10-12 18:27:45 [    0.000000] clocksource: jz_clocksource: mask: 0x7fffffffffffffff max_cycles: 0x588fe9dc0, max_idle_ns: 440795202592 ns
2022-10-12 18:27:45 [    0.000000] sched_clock: 64 bits at 24MHz, resolution 41ns, wraps every 4398046511097ns
2022-10-12 18:27:45 [    0.000096] ERROR epc 0x801f3940
2022-10-12 18:27:45 [    0.003386] Console: colour dummy device 80x25
2022-10-12 18:27:45 [    0.007833] Calibrating delay loop (skipped) preset value.. 2393.70 BogoMIPS (lpj=11968512)
2022-10-12 18:27:45 [    0.016298] pid_max: default: 32768 minimum: 301
2022-10-12 18:27:45 [    0.021047] Mount-cache hash table entries: 1024 (order: 0, 4096 bytes)
2022-10-12 18:27:45 [    0.027695] Mountpoint-cache hash table entries: 1024 (order: 0, 4096 bytes)
2022-10-12 18:27:45 [    0.035413] [SMP] Prepare 2 cores., cpu: 0
2022-10-12 18:27:45 [    0.115964] [SMP] Booting CPU1 ...
2022-10-12 18:27:45 [    0.119336] CPU1 RESET ERROR PC:804B51F0
2022-10-12 18:27:45 [    0.119348] [<804b51f0>] _raw_spin_unlock_irqrestore+0x20/0x54
2022-10-12 18:27:45 [    0.119362] Primary instruction cache 32kB, VIPT, 8-way, linesize 32 bytes.
2022-10-12 18:27:45 [    0.119367] Primary data cache 32kB, 8-way, VIPT, no aliases, linesize 32 bytes
2022-10-12 18:27:45 [    0.119370] =======found ...... ingenic sc cache ops ...!, found: 1
2022-10-12 18:27:45 [    0.119370] 
2022-10-12 18:27:45 [    0.119374] Unified secondary cache 128kB 8-way, linesize 64 bytes.
2022-10-12 18:27:45 [    0.119449] #### now starting init for cpu : 1
2022-10-12 18:27:45 [    0.119456] percpu irq inited.
2022-10-12 18:27:45 [    0.119459] percpu cpu_num:1 timerevent init
2022-10-12 18:27:45 [    0.119474] clockevents_config_and_register success.
2022-10-12 18:27:45 [    0.119479] CPU1 revision is: 00132100 (Ingenic XBurst@II)
2022-10-12 18:27:45 [    0.119481] FPU revision is: 00f32100
2022-10-12 18:27:45 [    0.119616] [SMP] slave cpu1 start up finished.
2022-10-12 18:27:45 [    0.120069] Brought up 2 CPUs
2022-10-12 18:27:45 [    0.123919] devtmpfs: initialized
2022-10-12 18:27:45 [    0.198230] clocksource: jiffies: mask: 0xffffffff max_cycles: 0xffffffff, max_idle_ns: 19112604462750000 ns
2022-10-12 18:27:45 [    0.208212] futex hash table entries: 512 (order: 2, 16384 bytes)
2022-10-12 18:27:45 [    0.214426] pinctrl core: initialized pinctrl subsystem
2022-10-12 18:27:45 [    0.220063] NET: Registered protocol family 16
2022-10-12 18:27:45 [    0.229749] ingenic pinctrl 10010000.pinctrl: 4 gpio chip add success, pins 128
2022-10-12 18:27:45 [    0.237763] ingenic pinctrl 10010000.pinctrl: ingenic pinctrl probe success
2022-10-12 18:27:45 [    0.253455] dmmu_init 807 PTRS_PER_PTE = 1024
2022-10-12 18:27:46 [    0.333300] ingenic-dma 13420000.dma: INGENIC SoC DMA initialized
2022-10-12 18:27:46 [    0.340261] usbcore: registered new interface driver usbfs
2022-10-12 18:27:46 [    0.345910] usbcore: registered new interface driver hub
2022-10-12 18:27:46 [    0.351519] usbcore: registered new device driver usb
2022-10-12 18:27:46 [    0.356825] inno phy probe success
2022-10-12 18:27:46 [    0.360910] media: Linux media interface: v0.10
2022-10-12 18:27:46 [    0.365587] Linux video capture interface: v2.00
2022-10-12 18:27:46 [    0.373246] clocksource: Switched to clocksource jz_clocksource
2022-10-12 18:27:46 [    0.397977] NET: Registered protocol family 2
2022-10-12 18:27:46 [    0.402876] TCP established hash table entries: 1024 (order: 0, 4096 bytes)
2022-10-12 18:27:46 [    0.409967] TCP bind hash table entries: 1024 (order: 1, 8192 bytes)
2022-10-12 18:27:46 [    0.416452] TCP: Hash tables configured (established 1024 bind 1024)
2022-10-12 18:27:46 [    0.422884] UDP hash table entries: 256 (order: 1, 8192 bytes)
2022-10-12 18:27:46 [    0.428829] UDP-Lite hash table entries: 256 (order: 1, 8192 bytes)
2022-10-12 18:27:46 [    0.435336] NET: Registered protocol family 1
2022-10-12 18:27:46 [    0.552714] jffs2: version 2.2. (NAND) Â© 2001-2006 Red Hat, Inc.
2022-10-12 18:27:46 [    0.571275] jitterentropy: Initialization failed with host not compliant with requirements: 2
2022-10-12 18:27:46 [    0.580554] io scheduler noop registered
2022-10-12 18:27:46 [    0.584606] io scheduler deadline registered
2022-10-12 18:27:46 [    0.588919] io scheduler cfq registered (default)
2022-10-12 18:27:46 [    0.595420] JZ DBOX probe ok!!!!
2022-10-12 18:27:46 [    0.599983] 10031000.serial: ttyS1 at MMIO 0x10031000 (irq = 58, base_baud = 5729166) is a uart1
2022-10-12 18:27:46 [    0.608961] console [ttyS1] enabled
2022-10-12 18:27:46 [    0.608961] console [ttyS1] enabled
2022-10-12 18:27:46 [    0.616142] bootconsole [early0] disabled
2022-10-12 18:27:46 [    0.616142] bootconsole [early0] disabled
2022-10-12 18:27:46 [    0.629392] ingenic-tcu 10002000.tcu: Ingenic TCU driver register completed ret = 0
2022-10-12 18:27:46 [    0.638434] Enter 'CDT' mode.
2022-10-12 18:27:46 [    0.641564] Enter 'DMA Descriptor chain' mode.
2022-10-12 18:27:46 [    0.646416] ingenic-sfc 13440000.sfc: Found Supported device, id_manufactory = 0xef, id_device = 0xaa
2022-10-12 18:27:46 [    0.656204] use nand common get feature interface!
2022-10-12 18:27:46 [    0.661278] Scanning device for bad blocks
2022-10-12 18:27:46 [    0.757327] ingenic-sfc 13440000.sfc: NOTICE: this flash haven`t param, magic_num:ffffffff
2022-10-12 18:27:46 [    0.766066] ingenic-sfc 13440000.sfc: read partition from flash failed!
2022-10-12 18:27:46 [    0.773037] ingenic-sfc 13440000.sfc: read mtdparts!
2022-10-12 18:27:46 [    0.778299] 8 cmdlinepart partitions found on MTD device sfc_nand
2022-10-12 18:27:46 [    0.784734] Creating 8 MTD partitions on "sfc_nand":
2022-10-12 18:27:46 [    0.789967] 0x000000000000-0x000000100000 : "uboot"
2022-10-12 18:27:46 [    0.796596] 0x000000100000-0x000000500000 : "kernel1"
2022-10-12 18:27:46 [    0.803407] 0x000000500000-0x000002300000 : "appfs1"
2022-10-12 18:27:46 [    0.810046] 0x000002300000-0x000002700000 : "kernel2"
2022-10-12 18:27:46 [    0.816841] 0x000002700000-0x000004500000 : "appfs2"
2022-10-12 18:27:46 [    0.823606] 0x000004500000-0x000006d00000 : "data"
2022-10-12 18:27:46 [    0.830101] 0x000006d00000-0x000007300000 : "config"
2022-10-12 18:27:46 [    0.836789] 0x000007300000-0x000007d00000 : "extend"
2022-10-12 18:27:46 [    0.843517] ingenic-sfc 13440000.sfc: CCHC5 = 0x8840400a
2022-10-12 18:27:46 [    0.849121] ingenic-sfc 13440000.sfc: SPI NAND MTD LOAD OK
2022-10-12 18:27:46 [    0.855431] OTG CLK 1f8f7f80
2022-10-12 18:27:46 [    0.859996] CPCCR CLK 1580
2022-10-12 18:27:46 [    1.003288] dwc2 13500000.otg: EPs: 9, dedicated fifos, 3576 entries in SPRAM
2022-10-12 18:27:46 [    1.011334] dwc2 13500000.otg: DWC OTG Controller
2022-10-12 18:27:46 [    1.016381] dwc2 13500000.otg: new USB bus registered, assigned bus number 1
2022-10-12 18:27:46 [    1.023891] dwc2 13500000.otg: irq 29, io mem 0x00000000
2022-10-12 18:27:46 [    1.030407] hub 1-0:1.0: USB hub found
2022-10-12 18:27:46 [    1.034471] hub 1-0:1.0: 1 port detected
2022-10-12 18:27:48 [    2.353500] i8042: i8042 controller selftest timeout
2022-10-12 18:27:48 [    2.359878] ingenic-i2c 10051000.i2c: register i2c1 success.
2022-10-12 18:27:48 [    2.367227] sdhci: Secure Digital Host Controller Interface driver
2022-10-12 18:27:48 [    2.373808] sdhci: Copyright(c) Pierre Ossman
2022-10-12 18:27:48 [    2.423284] mmc0: SDHCI controller on ingenic-sdhci [13060000.msc] using ADMA
2022-10-12 18:27:48 [    2.436374] mmc0: card inserted
2022-10-12 18:27:48 [    2.511514] mmc0: new high speed SDHC card at address aaaa
2022-10-12 18:27:48 [    2.517377] mmc1: SDHCI controller on ingenic-sdhci [13070000.msc] using ADMA
2022-10-12 18:27:48 [    2.525641] usbcore: registered new interface driver usbhid
2022-10-12 18:27:48 [    2.531622] usbhid: USB HID core driver
2022-10-12 18:27:48 [    2.535762] mmcblk0: mmc0:aaaa SC16G 14.8 GiB 
2022-10-12 18:27:48 [    2.541012] Netfilter messages via NETLINK v0.30.
2022-10-12 18:27:48 [    2.546073]  mmcblk0: p1
2022-10-12 18:27:48 [    2.546171] ip_set: protocol 6
2022-10-12 18:27:48 [    2.546396] ip_tables: (C) 2000-2006 Netfilter Core Team
2022-10-12 18:27:48 [    2.547572] NET: Registered protocol family 10
2022-10-12 18:27:48 [    2.558385] ip6_tables: (C) 2000-2006 Netfilter Core Team
2022-10-12 18:27:48 [    2.558501] sit: IPv6 over IPv4 tunneling driver
2022-10-12 18:27:48 [    2.559097] NET: Registered protocol family 17
2022-10-12 18:27:48 [    2.584978] ubi0: attaching mtd2
2022-10-12 18:27:48 [    2.609712] mmc1: new high speed SDIO card at address 0001
2022-10-12 18:27:48 [    2.644149] random: nonblocking pool is initialized
2022-10-12 18:27:48 [    2.669626] ubi0: scanning is finished
2022-10-12 18:27:48 [    2.679823] ubi0: attached mtd2 (name "appfs1", size 30 MiB)
2022-10-12 18:27:48 [    2.685859] ubi0: PEB size: 131072 bytes (128 KiB), LEB size: 126976 bytes
2022-10-12 18:27:48 [    2.693106] ubi0: min./max. I/O unit sizes: 2048/2048, sub-page size 2048
2022-10-12 18:27:48 [    2.700298] ubi0: VID header offset: 2048 (aligned 2048), data offset: 4096
2022-10-12 18:27:48 [    2.707672] ubi0: good PEBs: 240, bad PEBs: 0, corrupted PEBs: 0
2022-10-12 18:27:48 [    2.714037] ubi0: user volume: 1, internal volumes: 1, max. volumes count: 128
2022-10-12 18:27:48 [    2.721650] ubi0: max/mean erase counter: 16/9, WL threshold: 4096, image sequence number: 1922540787
2022-10-12 18:27:48 [    2.731400] ubi0: available PEBs: 0, total reserved PEBs: 240, PEBs reserved for bad PEB handling: 20
2022-10-12 18:27:48 [    2.741166] ubi1: attaching mtd4
2022-10-12 18:27:48 [    2.741179] ubi0: background thread "ubi_bgt0d" started, PID 542
2022-10-12 18:27:48 [    2.826349] ubi1: scanning is finished
2022-10-12 18:27:48 [    2.837009] ubi1: attached mtd4 (name "appfs2", size 30 MiB)
2022-10-12 18:27:48 [    2.842985] ubi1: PEB size: 131072 bytes (128 KiB), LEB size: 126976 bytes
2022-10-12 18:27:48 [    2.850289] ubi1: min./max. I/O unit sizes: 2048/2048, sub-page size 2048
2022-10-12 18:27:48 [    2.857486] ubi1: VID header offset: 2048 (aligned 2048), data offset: 4096
2022-10-12 18:27:48 [    2.864862] ubi1: good PEBs: 240, bad PEBs: 0, corrupted PEBs: 0
2022-10-12 18:27:48 [    2.871191] ubi1: user volume: 1, internal volumes: 1, max. volumes count: 128
2022-10-12 18:27:48 [    2.878841] ubi1: max/mean erase counter: 71/30, WL threshold: 4096, image sequence number: 1922540787
2022-10-12 18:27:48 [    2.888683] ubi1: available PEBs: 0, total reserved PEBs: 240, PEBs reserved for bad PEB handling: 20
2022-10-12 18:27:48 [    2.898450] ubi2: attaching mtd5
2022-10-12 18:27:48 [    2.898463] ubi1: background thread "ubi_bgt1d" started, PID 547
2022-10-12 18:27:48 [    3.008743] ubi2: scanning is finished
2022-10-12 18:27:48 [    3.019185] ubi2: attached mtd5 (name "data", size 40 MiB)
2022-10-12 18:27:48 [    3.025033] ubi2: PEB size: 131072 bytes (128 KiB), LEB size: 126976 bytes
2022-10-12 18:27:48 [    3.032280] ubi2: min./max. I/O unit sizes: 2048/2048, sub-page size 2048
2022-10-12 18:27:48 [    3.039474] ubi2: VID header offset: 2048 (aligned 2048), data offset: 4096
2022-10-12 18:27:48 [    3.046849] ubi2: good PEBs: 320, bad PEBs: 0, corrupted PEBs: 0
2022-10-12 18:27:48 [    3.053178] ubi2: user volume: 1, internal volumes: 1, max. volumes count: 128
2022-10-12 18:27:48 [    3.060825] ubi2: max/mean erase counter: 196/127, WL threshold: 4096, image sequence number: 202101101
2022-10-12 18:27:48 [    3.070760] ubi2: available PEBs: 0, total reserved PEBs: 320, PEBs reserved for bad PEB handling: 20
2022-10-12 18:27:48 [    3.080525] ubi3: attaching mtd6
2022-10-12 18:27:48 [    3.080535] ubi2: background thread "ubi_bgt2d" started, PID 552
2022-10-12 18:27:48 [    3.105443] ubi3: scanning is finished
2022-10-12 18:27:48 [    3.115537] ubi3: attached mtd6 (name "config", size 6 MiB)
2022-10-12 18:27:48 [    3.121420] ubi3: PEB size: 131072 bytes (128 KiB), LEB size: 126976 bytes
2022-10-12 18:27:48 [    3.128724] ubi3: min./max. I/O unit sizes: 2048/2048, sub-page size 2048
2022-10-12 18:27:48 [    3.135921] ubi3: VID header offset: 2048 (aligned 2048), data offset: 4096
2022-10-12 18:27:48 [    3.143297] ubi3: good PEBs: 48, bad PEBs: 0, corrupted PEBs: 0
2022-10-12 18:27:48 [    3.149535] ubi3: user volume: 1, internal volumes: 1, max. volumes count: 128
2022-10-12 18:27:48 [    3.157181] ubi3: max/mean erase counter: 1204/860, WL threshold: 4096, image sequence number: 1478537220
2022-10-12 18:27:48 [    3.167298] ubi3: available PEBs: 0, total reserved PEBs: 48, PEBs reserved for bad PEB handling: 20
2022-10-12 18:27:48 [    3.176974] ubi4: attaching mtd7
2022-10-12 18:27:48 [    3.176985] ubi3: background thread "ubi_bgt3d" started, PID 557
2022-10-12 18:27:48 [    3.212076] ubi4: scanning is finished
2022-10-12 18:27:48 [    3.222299] ubi4: attached mtd7 (name "extend", size 10 MiB)
2022-10-12 18:27:48 [    3.228361] ubi4: PEB size: 131072 bytes (128 KiB), LEB size: 126976 bytes
2022-10-12 18:27:48 [    3.235654] ubi4: min./max. I/O unit sizes: 2048/2048, sub-page size 2048
2022-10-12 18:27:49 [    3.242808] ubi4: VID header offset: 2048 (aligned 2048), data offset: 4096
2022-10-12 18:27:49 [    3.250188] ubi4: good PEBs: 80, bad PEBs: 0, corrupted PEBs: 0
2022-10-12 18:27:49 [    3.256469] ubi4: user volume: 1, internal volumes: 1, max. volumes count: 128
2022-10-12 18:27:49 [    3.264117] ubi4: max/mean erase counter: 1709/1319, WL threshold: 4096, image sequence number: 2104434976
2022-10-12 18:27:49 [    3.274329] ubi4: available PEBs: 0, total reserved PEBs: 80, PEBs reserved for bad PEB handling: 20
2022-10-12 18:27:49 [    3.284002] ubi4: background thread "ubi_bgt4d" started, PID 562
2022-10-12 18:27:49 [    3.284577] input: gpio_keys as /devices/platform/gpio_keys/input/input0
2022-10-12 18:27:49 [    3.285415] Warning: unable to open an initial console.
2022-10-12 18:27:49 [    3.286357] Freeing unused kernel memory: 1756K
2022-10-12 18:27:49 [    3.568957] UBIFS (ubi0:0): background thread "ubifs_bgt0_0" started, PID 585
2022-10-12 18:27:49 [    3.602766] UBIFS (ubi0:0): recovery needed
2022-10-12 18:27:49 [    3.646632] UBIFS (ubi0:0): recovery completed
2022-10-12 18:27:49 [    3.651339] UBIFS (ubi0:0): UBIFS: mounted UBI device 0, volume 0, name "appfs1"
2022-10-12 18:27:49 [    3.659185] UBIFS (ubi0:0): LEB size: 126976 bytes (124 KiB), min./max. I/O unit sizes: 2048 bytes/2048 bytes
2022-10-12 18:27:49 [    3.669673] UBIFS (ubi0:0): FS size: 26157056 bytes (24 MiB, 206 LEBs), journal size 4190208 bytes (3 MiB, 33 LEBs)
2022-10-12 18:27:49 [    3.680687] UBIFS (ubi0:0): reserved for root: 0 bytes (0 KiB)
2022-10-12 18:27:49 [    3.686850] UBIFS (ubi0:0): media format: w4/r0 (latest is w4/r0), UUID 76A3C65C-A4C4-4A39-B7FC-B41E88077307, small LPT model
2022-10-12 18:27:49 [    3.699558] UBIFS (ubi0:0): full atime support is enabled.
2022-10-12 18:27:49 [    3.711010] UBIFS (ubi2:0): background thread "ubifs_bgt2_0" started, PID 588
2022-10-12 18:27:49 [    3.744747] UBIFS (ubi2:0): recovery needed
2022-10-12 18:27:49 [    3.814238] UBIFS (ubi2:0): recovery completed
2022-10-12 18:27:49 [    3.818945] UBIFS (ubi2:0): UBIFS: mounted UBI device 2, volume 0, name "data"
2022-10-12 18:27:49 [    3.826605] UBIFS (ubi2:0): LEB size: 126976 bytes (124 KiB), min./max. I/O unit sizes: 2048 bytes/2048 bytes
2022-10-12 18:27:49 [    3.837090] UBIFS (ubi2:0): FS size: 36315136 bytes (34 MiB, 286 LEBs), journal size 5459968 bytes (5 MiB, 43 LEBs)
2022-10-12 18:27:49 [    3.848104] UBIFS (ubi2:0): reserved for root: 0 bytes (0 KiB)
2022-10-12 18:27:49 [    3.854266] UBIFS (ubi2:0): media format: w4/r0 (latest is w4/r0), UUID 4F836B25-C4A7-42BD-B693-AA71C62C05D5, small LPT model
2022-10-12 18:27:49 [    3.866835] UBIFS (ubi2:0): full atime support is enabled.
2022-10-12 18:27:49 [    3.877492] UBIFS (ubi3:0): background thread "ubifs_bgt3_0" started, PID 591
2022-10-12 18:27:49 [    3.911158] UBIFS (ubi3:0): recovery needed
2022-10-12 18:27:49 [    4.013746] UBIFS (ubi3:0): recovery completed
2022-10-12 18:27:49 [    4.018454] UBIFS (ubi3:0): UBIFS: mounted UBI device 3, volume 0, name "config"
2022-10-12 18:27:49 [    4.026295] UBIFS (ubi3:0): LEB size: 126976 bytes (124 KiB), min./max. I/O unit sizes: 2048 bytes/2048 bytes
2022-10-12 18:27:49 [    4.036781] UBIFS (ubi3:0): FS size: 1777664 bytes (1 MiB, 14 LEBs), journal size 1142785 bytes (1 MiB, 9 LEBs)
2022-10-12 18:27:49 [    4.047441] UBIFS (ubi3:0): reserved for root: 0 bytes (0 KiB)
2022-10-12 18:27:49 [    4.053609] UBIFS (ubi3:0): media format: w4/r0 (latest is w4/r0), UUID 1ACB7BFE-90FF-419B-B7A2-E7669FCAB763, small LPT model
2022-10-12 18:27:49 [    4.065951] UBIFS (ubi3:0): full atime support is enabled.
2022-10-12 18:27:49 [    4.076754] UBIFS (ubi4:0): background thread "ubifs_bgt4_0" started, PID 594
2022-10-12 18:27:49 [    4.110446] UBIFS (ubi4:0): recovery needed
2022-10-12 18:27:49 [    4.185705] UBIFS (ubi4:0): recovery completed
2022-10-12 18:27:49 [    4.190414] UBIFS (ubi4:0): UBIFS: mounted UBI device 4, volume 0, name "extend"
2022-10-12 18:27:49 [    4.198254] UBIFS (ubi4:0): LEB size: 126976 bytes (124 KiB), min./max. I/O unit sizes: 2048 bytes/2048 bytes
2022-10-12 18:27:49 [    4.208742] UBIFS (ubi4:0): FS size: 5840896 bytes (5 MiB, 46 LEBs), journal size 1650688 bytes (1 MiB, 13 LEBs)
2022-10-12 18:27:49 [    4.219481] UBIFS (ubi4:0): reserved for root: 0 bytes (0 KiB)
2022-10-12 18:27:49 [    4.225641] UBIFS (ubi4:0): media format: w4/r0 (latest is w4/r0), UUID 64F633A1-8102-4BEA-9CF1-28A81B79F6CC, small LPT model
2022-10-12 18:27:49 [    4.237730] UBIFS (ubi4:0): full atime support is enabled.
2022-10-12 18:27:50 
2022-10-12 18:27:50 ipcam login: [    4.371099] @@@@ tx-isp-probe ok (version H20220525a) @@@@@
2022-10-12 18:27:50 [    4.400975] name : i2c1 nr : 1
2022-10-12 18:27:50 [    4.493408]  sensor_read: addr=0x3f0 value = 0x56
2022-10-12 18:27:50 [    4.498512]  sensor_read: addr=0x3f1 value = 0x3
2022-10-12 18:27:50 [    4.503416] info: success sensor find : gc5603
2022-10-12 18:27:50 [    4.527171] @@@@@ inner codec power up@@@@@@
2022-10-12 18:27:50 [    4.813317] @@@@ audio driver ok(version H20210524a) @@@@@
2022-10-12 18:27:50 [    4.827098] soc_nna_probe success
2022-10-12 18:27:50 [    4.830767] soc_nna_init success
2022-10-12 18:27:50 [    4.853835] exFAT: Version 1.2.9
2022-10-12 18:27:50 [    4.932227] wlan.c initWlan
2022-10-12 18:27:50 [    4.935276] 
2022-10-12 18:27:50 [    4.935276] *** _import_default_cfg, /lib/modules/ssv6x5x-wifi.cfg ***
2022-10-12 18:27:50 [    4.935276] 
2022-10-12 18:27:50 [    4.947457] ssv6xxx_hci_init() start
2022-10-12 18:27:50 [    4.951460] ssv6xxx_sdio_init
2022-10-12 18:27:50 [    4.954848] =======================================
2022-10-12 18:27:50 [    4.959994] ==           RUN SDIO                ==
2022-10-12 18:27:50 [    4.965160] =======================================
2022-10-12 18:27:50 [    4.970301] max block count: 511
2022-10-12 18:27:50 [    4.973877] ssv6xxx_set_sdio_clk: set sdio clk 25000000Hz
2022-10-12 18:27:50 [    5.032277] SSV6XXX_SDIO mmc1:0001:1: vendor = 0x3030 device = 0x3030
2022-10-12 18:27:50 [    5.039095] ssv6xxx_sdio_power_on
2022-10-12 18:27:50 [    5.053439] SSV6XXX_SDIO mmc1:0001:1: dataIOPort 0x10000 regIOPort 0x10020
2022-10-12 18:27:50 [    5.119007] SSV6XXX_SDIO mmc1:0001:1: dataIOPort 0x10000 regIOPort 0x10020
2022-10-12 18:27:50 [    5.126747] SSV6XXX_SDIO mmc1:0001:1: CHIP ID: SSV6006C0        
2022-10-12 18:27:50 [    5.133088] Attach SSV6006 family HWIF HAL function  
2022-10-12 18:27:50 [    5.138731] Chip type a0
2022-10-12 18:27:50 [    5.141399] Load SSV6006 HWIF HAL HWIF function 
2022-10-12 18:27:50 [    5.146587] ssv6xxx_dev_probe(): SSV6X5X device "SSV6006C" found !
2022-10-12 18:27:50 [    5.153218] SSV6006C
2022-10-12 18:27:50 [    5.155562] Attach SSV6006 family HAL function  
2022-10-12 18:27:50 [    5.160706] Load SSV6006 common code
2022-10-12 18:27:50 [    5.164503] Load SSV6006C/D HAL MAC function 
2022-10-12 18:27:50 [    5.169191] Chip type a0
2022-10-12 18:27:50 [    5.171858] Load SSV6006 HAL common PHY function 
2022-10-12 18:27:50 [    5.176836] Load SSV6006C/D HAL BB-RF function 
2022-10-12 18:27:50 [    5.181742] SSV6XXX HCI TX Task started.
2022-10-12 18:27:50 [    5.186070] CHIP TAG: 2017071400053011 
2022-10-12 18:27:50 [    5.190713] MAC address from e-fuse
2022-10-12 18:27:50 [    5.194417] EFUSE configuration
2022-10-12 18:27:50 [    5.197726] Read efuse chip identity[79000000]
2022-10-12 18:27:50 [    5.202404] r_calbration_result- 0
2022-10-12 18:27:50 [    5.206005] sar_result- 0
2022-10-12 18:27:50 [    5.208765] crystal_frequency_offset- bc
2022-10-12 18:27:50 [    5.212894] tx_power_index_1- 55
2022-10-12 18:27:50 [    5.216308] tx_power_index_2- b8
2022-10-12 18:27:50 [    5.219709] MAC address - 08:6f:48:4c:10:56
2022-10-12 18:27:50 [    5.224132] rate_table_1- 50
2022-10-12 18:27:50 [    5.227165] rate_table_2- 0
2022-10-12 18:27:51 [    5.230153] flash_file /tmp/flash.bin not found
2022-10-12 18:27:51 [    5.234950]  ssv6006_if_chk_mac2: is not need to check MAC addres 2 for this model 
2022-10-12 18:27:51 [    5.243022] ssv6006_adj_config: not support external PA for this chip
2022-10-12 18:27:51 [    5.249872] rate gain legacy use default value
2022-10-12 18:27:51 [    5.254578] rate gain ht20 use default value
2022-10-12 18:27:51 [    5.259076] rate gain ht40 use default value
2022-10-12 18:27:51 [    5.263594] band gain use 5
2022-10-12 18:27:51 [    5.266539] band gain use 5
2022-10-12 18:27:51 [    5.269478] band gain use 8
2022-10-12 18:27:51 [    5.272415] band gain use 11
2022-10-12 18:27:51 [    5.275718] SSV6XXX RX Task started.
2022-10-12 18:27:51 [    5.279807] ssv6xxx_sdio_irq_disable
2022-10-12 18:27:51 [    5.344975] Enable HCI TX aggregation
2022-10-12 18:27:51 [    5.375948] Using firmware "ssv6x5x-sw.bin".
2022-10-12 18:27:51 [    5.380452] ssv6xxx_set_sdio_clk: set sdio clk 25000000Hz
2022-10-12 18:27:51 [    5.583261] ssv6xxx_set_sdio_clk: set sdio clk 50000000Hz
2022-10-12 18:27:51 [    5.641657] Firmware version 10097
2022-10-12 18:27:51 [    6.052470] patch[ccb0e134 => 00100010]
2022-10-12 18:27:51 [    6.071848] INIT SSV CONTROL GENERIC NETLINK MODULE
2022-10-12 18:27:51 [    6.077100] ieee80211 phy0: SSV6X5X of iComm-semi
2022-10-12 18:27:53 [    8.117291] motor_probe1436,motor reset.
2022-10-12 18:27:53 [    8.121491] motor_ops_reset906,motorReset=1,dst_x=1527,dst_y=850.
2022-10-12 18:27:53 [    8.128933] max: index=0,name=Horizontal motor,cur_steps=3100,max_steps=3100,state=2,move_dir=-1,cruise:mode-cnt-maxcnt=0-0-0.
2022-10-12 18:27:53 [    8.140953] max: index=1,name=Vertical motor,cur_steps=2400,max_steps=2400,state=2,move_dir=-1,cruise:mode-cnt-maxcnt=0-0-0.
2022-10-12 18:28:00 [   14.357234] reset over goto 1527.850.
2022-10-12 18:28:01 [   16.063494] max: index=1,name=Vertical motor,cur_steps=850,max_steps=850,state=3,move_dir=1,cruise:mode-cnt-maxcnt=0-0-0.
2022-10-12 18:28:04 [   18.580425] jz_pwm_probe[360] d_name = ingenic,tcu_chn0
2022-10-12 18:28:04 [   18.586757] jz_pwm_probe[360] d_name = ingenic,tcu_chn2
2022-10-12 18:28:04 [   18.593034] jz_pwm_probe[360] d_name = ingenic,tcu_chn4
2022-10-12 18:28:04 [   18.601464] jz_pwm_probe[360] d_name = ingenic,tcu_chn5
2022-10-12 18:28:04 [   18.607329] The version of PWM driver is H20210412a
2022-10-12 18:28:04 [   18.618864] request pwm channel 0 successfully
2022-10-12 18:28:04 [   18.623905] request pwm channel 2 successfully
2022-10-12 18:28:04 [   18.628653] request pwm channel 4 successfully
2022-10-12 18:28:04 [   18.633434] request pwm channel 5 successfully
2022-10-12 18:28:04 [   18.638328] pwm-jz pwm-jz: jz_pwm_probe register ok !
2022-10-12 18:28:04 [   18.663532] FAT-fs (mmcblk0p1): Volume was not properly unmounted. Some data may be corrupt. Please run fsck.
2022-10-12 18:29:13 [   88.171462] reboot: Restarting system
2022-10-12 18:29:13 [   88.180621] ingenic default reboot sign
2022-10-12 18:29:14 
2022-10-12 18:29:14 
2022-10-12 18:29:14 
2022-10-12 18:29:14 U-Boot SPL 2013.07 (Sep 07 2022 - 17:06:33)
2022-10-12 18:29:14 
2022-10-12 18:29:14 apll_freq = 912000000 
2022-10-12 18:29:14 mpll_freq = 1100000000 
2022-10-12 18:29:14 vpll_freq = 1308000000 
2022-10-12 18:29:14 epll_freq = 891000000
2022-10-12 18:29:14 cpu clk source: apll
2022-10-12 18:29:14 ddr clk source: mpll
2022-10-12 18:29:14 DDR clk rate: 550000000
2022-10-12 18:29:14 
2022-10-12 18:29:14 spl_sfc_nand_load:399
2022-10-12 18:29:14 00006c00,00064000,80100000
2022-10-12 18:29:14 spl_sfc_nand_load:402
2022-10-12 18:29:14 image entry point: 0x80100000
2022-10-12 18:29:14 Board: ISVP (Ingenic XBurst T40 SoC)
2022-10-12 18:29:14 DRAM:  128 MiB
2022-10-12 18:29:14 Top of RAM usable for U-Boot at: 88000000
2022-10-12 18:29:14 Reserving 552k for U-Boot at: 87f74000
2022-10-12 18:29:14 Reserving 65664k for malloc() at: 83f54000
2022-10-12 18:29:14 Reserving 32 Bytes for Board Info at: 83f53fe0
2022-10-12 18:29:14 Reserving 124 Bytes for Global Data at: 83f53f64
2022-10-12 18:29:14 Reserving 128k for boot params() at: 83f33f64
2022-10-12 18:29:14 Stack Pointer at: 83f33f48
2022-10-12 18:29:14 Now running in RAM - U-Boot at: 87f74000
2022-10-12 18:29:14 NAND:  0 MiB
2022-10-12 18:29:14 SFC_NAND:  ***sfc init!
2022-10-12 18:29:14 MMC:   MSC: 0
2022-10-12 18:29:14 
2022-10-12 18:29:14 NAND read: device 0 offset 0xc0000, size 0x20000
2022-10-12 18:29:14  131072 bytes read: OK
2022-10-12 18:29:14 
2022-10-12 18:29:14 NAND read: device 0 offset 0xe0000, size 0x20000
2022-10-12 18:29:14  131072 bytes read: OK
2022-10-12 18:29:14 Data transfer:    serial
2022-10-12 18:29:14 RESET :0
2022-10-12 18:29:15 RESET :0
2022-10-12 18:29:15 reading FIRMWARE_P8MAX_flash_part1.bin
2022-10-12 18:29:15 ** Unable to read file FIRMWARE_P8MAX_flash_part1.bin **
2022-10-12 18:29:15 File FIRMWARE_P8MAX_flash_part1.bin Not exist!,now try upgrade file. 
2022-10-12 18:29:15 cmd: fatload mmc 0 0x80600000 FIRMWARE_P8MAX_F.bin 
2022-10-12 18:29:15 reading FIRMWARE_P8MAX_F.bin
2022-10-12 18:29:15 ** Unable to read file FIRMWARE_P8MAX_F.bin **
2022-10-12 18:29:15 File FIRMWARE_P8MAX_F.bin Not exist!
2022-10-12 18:29:15 sdupdate - auto upgrade file from mmc to flash
2022-10-12 18:29:15 
2022-10-12 18:29:15 Usage:
2022-10-12 18:29:15 sdupdate LOAD_ID ADDR_START ADDR_END
2022-10-12 18:29:15 LOAD_ID: 0-->u-boot
2022-10-12 18:29:15 	 1-->kernel
2022-10-12 18:29:15 	 2-->rootfs
2022-10-12 18:29:15 	 3-->demo.bin
2022-10-12 18:29:15 ex:
2022-10-12 18:29:15 	sdupdate   (update all)
2022-10-12 18:29:15 or 
2022-10-12 18:29:15 	sdupdate 0 0x0 0x40000
2022-10-12 18:29:15 
2022-10-12 18:29:15 NAND read: device 0 offset 0x100000, size 0x40
2022-10-12 18:29:15  64 bytes read: OK
2022-10-12 18:29:15 main kernel ntohl(hdr1.ih_magic) :0x27051956,IH_MAGIC:0x27051956
2022-10-12 18:29:15 
2022-10-12 18:29:15 Main image OK.
2022-10-12 18:29:15 
2022-10-12 18:29:15 bootcmd="nand read 0x80600000 0x100000 0x400000;bootm 0x80600000"
2022-10-12 18:29:15 Hit any key to stop autoboot:  0 
2022-10-12 18:29:15 
2022-10-12 18:29:15 NAND read: device 0 offset 0x100000, size 0x400000
2022-10-12 18:29:16  4194304 bytes read: OK
2022-10-12 18:29:16    Image Name:   Linux-4.4.94
2022-10-12 18:29:16    Image Type:   MIPS Linux Kernel Image (lzma compressed)
2022-10-12 18:29:16    Data Size:    3834332 Bytes = 3.7 MiB
2022-10-12 18:29:16    Load Address: 80010000
2022-10-12 18:29:16    Entry Point:  804af990
2022-10-12 18:29:16    Verifying Checksum ... OK
2022-10-12 18:29:17    Uncompressing Kernel Image ... OK
2022-10-12 18:29:17 
2022-10-12 18:29:17 Starting kernel ...
2022-10-12 18:29:17 
2022-10-12 18:29:17 [    0.000000] Linux version 4.4.94 (carzzy@ubuntu) (gcc version 7.2.0 (Ingenic r4.0.0-gcc720 2018.02-28) ) #100 SMP PREEMPT Wed Sep 7 17:19:01 CST 2022
2022-10-12 18:29:17 [    0.000000] CPU0 RESET ERROR PC:801F3940
2022-10-12 18:29:17 [    0.000000] [<801f3940>] __delay+0x0/0x10
2022-10-12 18:29:17 [    0.000000] bootconsole [early0] enabled
2022-10-12 18:29:17 [    0.000000] CPU0 revision is: 00132100 (Ingenic XBurst@II)
2022-10-12 18:29:17 [    0.000000] FPU revision is: 00f32100
2022-10-12 18:29:17 [    0.000000] MIPS: machine is ingenic,shark
2022-10-12 18:29:17 [    0.000000] Determined physical RAM map:
2022-10-12 18:29:17 [    0.000000]  memory: 00649000 @ 00010000 (usable)
2022-10-12 18:29:17 [    0.000000]  memory: 001b7000 @ 00659000 (usable after init)
2022-10-12 18:29:17 [    0.000000] User-defined physical RAM map:
2022-10-12 18:29:17 [    0.000000]  memory: 03b00000 @ 00000000 (usable)
2022-10-12 18:29:17 [    0.000000] Initrd not found or empty - disabling initrd
2022-10-12 18:29:17 [    0.000000] Zone ranges:
2022-10-12 18:29:17 [    0.000000]   Normal   [mem 0x0000000000000000-0x0000000003afffff]
2022-10-12 18:29:17 [    0.000000]   HighMem  empty
2022-10-12 18:29:17 [    0.000000] Movable zone start for each node
2022-10-12 18:29:17 [    0.000000] Early memory node ranges
2022-10-12 18:29:17 [    0.000000]   node   0: [mem 0x0000000000000000-0x0000000003afffff]
2022-10-12 18:29:17 [    0.000000] Initmem setup node 0 [mem 0x0000000000000000-0x0000000003afffff]
2022-10-12 18:29:17 [    0.000000] [SMP] Slave CPU(s) 1 available.
2022-10-12 18:29:17 [    0.000000] Primary instruction cache 32kB, VIPT, 8-way, linesize 32 bytes.
2022-10-12 18:29:17 [    0.000000] Primary data cache 32kB, 8-way, VIPT, no aliases, linesize 32 bytes
2022-10-12 18:29:17 [    0.000000] =======found ...... ingenic sc cache ops ...!, found: 1
2022-10-12 18:29:17 [    0.000000] 
2022-10-12 18:29:17 [    0.000000] Unified secondary cache 128kB 8-way, linesize 64 bytes.
2022-10-12 18:29:17 [    0.000000] PERCPU: Embedded 10 pages/cpu @81099000 s8464 r8192 d24304 u40960
2022-10-12 18:29:17 [    0.000000] Built 1 zonelists in Zone order, mobility grouping off.  Total pages: 14986
2022-10-12 18:29:17 [    0.000000] Kernel command line: console=ttyS1,115200n8 mem=59M@0x0 rmem=53M@0x3B00000 nmem=16M@0x7000000 init=/linuxrc ubi.mtd=2 ubi.mtd=4 ubi.mtd=5 ubi.mtd=6 ubi.mtd=7 rw mtdparts=sfc_nand:1M(uboot),4M(kernel1),30M(appfs1),4M(kernel2),30M(appfs2),40M(data),6M(config),10M(extend) lpj=11968512
2022-10-12 18:29:17 [    0.000000] PID hash table entries: 256 (order: -2, 1024 bytes)
2022-10-12 18:29:17 [    0.000000] Dentry cache hash table entries: 8192 (order: 3, 32768 bytes)
2022-10-12 18:29:17 [    0.000000] Inode-cache hash table entries: 4096 (order: 2, 16384 bytes)
2022-10-12 18:29:17 [    0.000000] Memory: 51264K/60416K available (4762K kernel code, 281K rwdata, 1384K rodata, 1756K init, 146K bss, 9152K reserved, 0K cma-reserved, 0K highmem)
2022-10-12 18:29:17 [    0.000000] SLUB: HWalign=32, Order=0-3, MinObjects=0, CPUs=2, Nodes=1
2022-10-12 18:29:17 [    0.000000] Preemptible hierarchical RCU implementation.
2022-10-12 18:29:17 [    0.000000] 	Build-time adjustment of leaf fanout to 32.
2022-10-12 18:29:17 [    0.000000] NR_IRQS:419
2022-10-12 18:29:17 [    0.000000] parse cpu-intc-iomap, intc define in dt is too large!
2022-10-12 18:29:17 [    0.000000] core irq setup finished
2022-10-12 18:29:17 [    0.000000] percpu irq inited.
2022-10-12 18:29:17 [    0.000000] t40 Clock Power Management Unit init!
2022-10-12 18:29:17 [    0.000000] =========== t40 clocks: =============
2022-10-12 18:29:17 [    0.000000] 	apll     = 912000000 , mpll     = 1100000000
2022-10-12 18:29:17 [    0.000000] 	cpu_clk  = 912000000 , l2c_clk  = 456000000
2022-10-12 18:29:17 [    0.000000] 	ahb0_clk = 183333334 , ahb2_clk = 183333334
2022-10-12 18:29:17 [    0.000000] 	apb_clk  = 91666667 , ext_clk  = 24000000
2022-10-12 18:29:17 [    0.000000] 
2022-10-12 18:29:17 [    0.000000] parse cpu-ost-iomap, ost number define in dt is too large!
2022-10-12 18:29:17 [    0.000000] percpu cpu_num:0 timerevent init
2022-10-12 18:29:17 [    0.000000] clockevents_config_and_register success.
2022-10-12 18:29:17 [    0.000000] clocksource: jz_clocksource: mask: 0x7fffffffffffffff max_cycles: 0x588fe9dc0, max_idle_ns: 440795202592 ns
2022-10-12 18:29:17 [    0.000000] sched_clock: 64 bits at 24MHz, resolution 41ns, wraps every 4398046511097ns
2022-10-12 18:29:17 [    0.000095] ERROR epc 0x801f3940
2022-10-12 18:29:17 [    0.003385] Console: colour dummy device 80x25
2022-10-12 18:29:17 [    0.007834] Calibrating delay loop (skipped) preset value.. 2393.70 BogoMIPS (lpj=11968512)
2022-10-12 18:29:17 [    0.016297] pid_max: default: 32768 minimum: 301
2022-10-12 18:29:17 [    0.021047] Mount-cache hash table entries: 1024 (order: 0, 4096 bytes)
2022-10-12 18:29:17 [    0.027696] Mountpoint-cache hash table entries: 1024 (order: 0, 4096 bytes)
2022-10-12 18:29:17 [    0.035415] [SMP] Prepare 2 cores., cpu: 0
2022-10-12 18:29:17 [    0.115963] [SMP] Booting CPU1 ...
2022-10-12 18:29:17 [    0.119336] CPU1 RESET ERROR PC:8001B2EC
2022-10-12 18:29:17 [    0.119350] [<8001b2ec>] ingenic_wait_irqoff+0x24/0x2c
2022-10-12 18:29:17 [    0.119364] Primary instruction cache 32kB, VIPT, 8-way, linesize 32 bytes.
2022-10-12 18:29:17 [    0.119369] Primary data cache 32kB, 8-way, VIPT, no aliases, linesize 32 bytes
2022-10-12 18:29:17 [    0.119372] =======found ...... ingenic sc cache ops ...!, found: 1
2022-10-12 18:29:17 [    0.119372] 
2022-10-12 18:29:17 [    0.119376] Unified secondary cache 128kB 8-way, linesize 64 bytes.
2022-10-12 18:29:17 [    0.119449] #### now starting init for cpu : 1
2022-10-12 18:29:17 [    0.119457] percpu irq inited.
2022-10-12 18:29:17 [    0.119460] percpu cpu_num:1 timerevent init
2022-10-12 18:29:17 [    0.119474] clockevents_config_and_register success.
2022-10-12 18:29:17 [    0.119479] CPU1 revision is: 00132100 (Ingenic XBurst@II)
2022-10-12 18:29:17 [    0.119481] FPU revision is: 00f32100
2022-10-12 18:29:17 [    0.119625] [SMP] slave cpu1 start up finished.
2022-10-12 18:29:17 [    0.120049] Brought up 2 CPUs
2022-10-12 18:29:17 [    0.123926] devtmpfs: initialized
2022-10-12 18:29:17 [    0.197556] clocksource: jiffies: mask: 0xffffffff max_cycles: 0xffffffff, max_idle_ns: 19112604462750000 ns
2022-10-12 18:29:17 [    0.207539] futex hash table entries: 512 (order: 2, 16384 bytes)
2022-10-12 18:29:17 [    0.213755] pinctrl core: initialized pinctrl subsystem
2022-10-12 18:29:17 [    0.219404] NET: Registered protocol family 16
2022-10-12 18:29:17 [    0.229014] ingenic pinctrl 10010000.pinctrl: 4 gpio chip add success, pins 128
2022-10-12 18:29:17 [    0.237023] ingenic pinctrl 10010000.pinctrl: ingenic pinctrl probe success
2022-10-12 18:29:17 [    0.252674] dmmu_init 807 PTRS_PER_PTE = 1024
2022-10-12 18:29:17 [    0.333232] ingenic-dma 13420000.dma: INGENIC SoC DMA initialized
2022-10-12 18:29:17 [    0.340137] usbcore: registered new interface driver usbfs
2022-10-12 18:29:17 [    0.345788] usbcore: registered new interface driver hub
2022-10-12 18:29:17 [    0.351327] usbcore: registered new device driver usb
2022-10-12 18:29:17 [    0.356624] inno phy probe success
2022-10-12 18:29:17 [    0.360789] media: Linux media interface: v0.10
2022-10-12 18:29:17 [    0.365466] Linux video capture interface: v2.00
2022-10-12 18:29:17 [    0.373108] clocksource: Switched to clocksource jz_clocksource
2022-10-12 18:29:18 [    0.397979] NET: Registered protocol family 2
2022-10-12 18:29:18 [    0.402877] TCP established hash table entries: 1024 (order: 0, 4096 bytes)
2022-10-12 18:29:18 [    0.409958] TCP bind hash table entries: 1024 (order: 1, 8192 bytes)
2022-10-12 18:29:18 [    0.416414] TCP: Hash tables configured (established 1024 bind 1024)
2022-10-12 18:29:18 [    0.422838] UDP hash table entries: 256 (order: 1, 8192 bytes)
2022-10-12 18:29:18 [    0.428816] UDP-Lite hash table entries: 256 (order: 1, 8192 bytes)
2022-10-12 18:29:18 [    0.435314] NET: Registered protocol family 1
2022-10-12 18:29:18 [    0.552627] jffs2: version 2.2. (NAND) Â© 2001-2006 Red Hat, Inc.
2022-10-12 18:29:18 [    0.571249] jitterentropy: Initialization failed with host not compliant with requirements: 2
2022-10-12 18:29:18 [    0.580532] io scheduler noop registered
2022-10-12 18:29:18 [    0.584502] io scheduler deadline registered
2022-10-12 18:29:18 [    0.588830] io scheduler cfq registered (default)
2022-10-12 18:29:18 [    0.595281] JZ DBOX probe ok!!!!
2022-10-12 18:29:18 [    0.599849] 10031000.serial: ttyS1 at MMIO 0x10031000 (irq = 58, base_baud = 5729166) is a uart1
2022-10-12 18:29:18 [    0.608787] console [ttyS1] enabled
2022-10-12 18:29:18 [    0.608787] console [ttyS1] enabled
2022-10-12 18:29:18 [    0.615960] bootconsole [early0] disabled
2022-10-12 18:29:18 [    0.615960] bootconsole [early0] disabled
2022-10-12 18:29:18 [    0.629206] ingenic-tcu 10002000.tcu: Ingenic TCU driver register completed ret = 0
2022-10-12 18:29:18 [    0.638230] Enter 'CDT' mode.
2022-10-12 18:29:18 [    0.641360] Enter 'DMA Descriptor chain' mode.
2022-10-12 18:29:18 [    0.646183] ingenic-sfc 13440000.sfc: Found Supported device, id_manufactory = 0xef, id_device = 0xaa
2022-10-12 18:29:18 [    0.655933] use nand common get feature interface!
2022-10-12 18:29:18 [    0.661003] Scanning device for bad blocks
2022-10-12 18:29:18 [    0.756920] ingenic-sfc 13440000.sfc: NOTICE: this flash haven`t param, magic_num:ffffffff
2022-10-12 18:29:18 [    0.765663] ingenic-sfc 13440000.sfc: read partition from flash failed!
2022-10-12 18:29:18 [    0.772634] ingenic-sfc 13440000.sfc: read mtdparts!
2022-10-12 18:29:18 [    0.777896] 8 cmdlinepart partitions found on MTD device sfc_nand
2022-10-12 18:29:18 [    0.784331] Creating 8 MTD partitions on "sfc_nand":
2022-10-12 18:29:18 [    0.789564] 0x000000000000-0x000000100000 : "uboot"
2022-10-12 18:29:18 [    0.796199] 0x000000100000-0x000000500000 : "kernel1"
2022-10-12 18:29:18 [    0.812997] 0x000000500000-0x000002300000 : "appfs1"
2022-10-12 18:29:18 [    0.819703] 0x000002300000-0x000002700000 : "kernel2"
2022-10-12 18:29:18 [    0.826523] 0x000002700000-0x000004500000 : "appfs2"
2022-10-12 18:29:18 [    0.833291] 0x000004500000-0x000006d00000 : "data"
2022-10-12 18:29:18 [    0.839818] 0x000006d00000-0x000007300000 : "config"
2022-10-12 18:29:18 [    0.846503] 0x000007300000-0x000007d00000 : "extend"
2022-10-12 18:29:18 [    0.853236] ingenic-sfc 13440000.sfc: CCHC5 = 0x8840400a
2022-10-12 18:29:18 [    0.858843] ingenic-sfc 13440000.sfc: SPI NAND MTD LOAD OK
2022-10-12 18:29:18 [    0.865113] OTG CLK 1f8f7f80
2022-10-12 18:29:18 [    0.869676] CPCCR CLK 1580
2022-10-12 18:29:18 [    1.013151] dwc2 13500000.otg: EPs: 9, dedicated fifos, 3576 entries in SPRAM
2022-10-12 18:29:18 [    1.021182] dwc2 13500000.otg: DWC OTG Controller
2022-10-12 18:29:18 [    1.026205] dwc2 13500000.otg: new USB bus registered, assigned bus number 1
2022-10-12 18:29:18 [    1.033698] dwc2 13500000.otg: irq 29, io mem 0x00000000
2022-10-12 18:29:18 [    1.040206] hub 1-0:1.0: USB hub found
2022-10-12 18:29:18 [    1.044240] hub 1-0:1.0: 1 port detected
2022-10-12 18:29:19 [    2.363352] i8042: i8042 controller selftest timeout
2022-10-12 18:29:19 [    2.369712] ingenic-i2c 10051000.i2c: register i2c1 success.
2022-10-12 18:29:19 [    2.377031] sdhci: Secure Digital Host Controller Interface driver
2022-10-12 18:29:19 [    2.383584] sdhci: Copyright(c) Pierre Ossman
2022-10-12 18:29:20 [    2.433168] mmc0: SDHCI controller on ingenic-sdhci [13060000.msc] using ADMA
2022-10-12 18:29:20 [    2.453262] mmc0: card inserted
2022-10-12 18:29:20 [    2.456673] mmc0: Got command interrupt 0x00000001 even though no command operation was in progress.
2022-10-12 18:29:20 [    2.503155] mmc1: SDHCI controller on ingenic-sdhci [13070000.msc] using ADMA
2022-10-12 18:29:20 [    2.510943] usbcore: registered new interface driver usbhid
2022-10-12 18:29:20 [    2.516927] usbhid: USB HID core driver
2022-10-12 18:29:20 [    2.519400] mmc0: new high speed SDHC card at address aaaa
2022-10-12 18:29:20 [    2.527070] Netfilter messages via NETLINK v0.30.
2022-10-12 18:29:20 [    2.529918] mmcblk0: mmc0:aaaa SC16G 14.8 GiB 
2022-10-12 18:29:20 [    2.534047]  mmcblk0: p1
2022-10-12 18:29:20 [    2.539636] ip_set: protocol 6
2022-10-12 18:29:20 [    2.543182] ip_tables: (C) 2000-2006 Netfilter Core Team
2022-10-12 18:29:20 [    2.549467] NET: Registered protocol family 10
2022-10-12 18:29:20 [    2.565364] ip6_tables: (C) 2000-2006 Netfilter Core Team
2022-10-12 18:29:20 [    2.566003] mmc1: new high speed SDIO card at address 0001
2022-10-12 18:29:20 [    2.577160] sit: IPv6 over IPv4 tunneling driver
2022-10-12 18:29:20 [    2.582817] NET: Registered protocol family 17
2022-10-12 18:29:20 [    2.599871] ubi0: attaching mtd2
2022-10-12 18:29:20 [    2.655396] random: nonblocking pool is initialized
2022-10-12 18:29:20 [    2.681843] ubi0: scanning is finished
2022-10-12 18:29:20 [    2.692462] ubi0: attached mtd2 (name "appfs1", size 30 MiB)
2022-10-12 18:29:20 [    2.698494] ubi0: PEB size: 131072 bytes (128 KiB), LEB size: 126976 bytes
2022-10-12 18:29:20 [    2.705782] ubi0: min./max. I/O unit sizes: 2048/2048, sub-page size 2048
2022-10-12 18:29:20 [    2.712936] ubi0: VID header offset: 2048 (aligned 2048), data offset: 4096
2022-10-12 18:29:20 [    2.720312] ubi0: good PEBs: 240, bad PEBs: 0, corrupted PEBs: 0
2022-10-12 18:29:20 [    2.726677] ubi0: user volume: 1, internal volumes: 1, max. volumes count: 128
2022-10-12 18:29:20 [    2.734324] ubi0: max/mean erase counter: 16/9, WL threshold: 4096, image sequence number: 1922540787
2022-10-12 18:29:20 [    2.744073] ubi0: available PEBs: 0, total reserved PEBs: 240, PEBs reserved for bad PEB handling: 20
2022-10-12 18:29:20 [    2.753817] ubi0: background thread "ubi_bgt0d" started, PID 542
2022-10-12 18:29:20 [    2.760164] ubi1: attaching mtd4
2022-10-12 18:29:20 [    2.838363] ubi1: scanning is finished
2022-10-12 18:29:20 [    2.848804] ubi1: attached mtd4 (name "appfs2", size 30 MiB)
2022-10-12 18:29:20 [    2.854833] ubi1: PEB size: 131072 bytes (128 KiB), LEB size: 126976 bytes
2022-10-12 18:29:20 [    2.862080] ubi1: min./max. I/O unit sizes: 2048/2048, sub-page size 2048
2022-10-12 18:29:20 [    2.869273] ubi1: VID header offset: 2048 (aligned 2048), data offset: 4096
2022-10-12 18:29:20 [    2.876658] ubi1: good PEBs: 240, bad PEBs: 0, corrupted PEBs: 0
2022-10-12 18:29:20 [    2.882988] ubi1: user volume: 1, internal volumes: 1, max. volumes count: 128
2022-10-12 18:29:20 [    2.890634] ubi1: max/mean erase counter: 71/30, WL threshold: 4096, image sequence number: 1922540787
2022-10-12 18:29:20 [    2.900478] ubi1: available PEBs: 0, total reserved PEBs: 240, PEBs reserved for bad PEB handling: 20
2022-10-12 18:29:20 [    2.910234] ubi1: background thread "ubi_bgt1d" started, PID 548
2022-10-12 18:29:20 [    2.916603] ubi2: attaching mtd5
2022-10-12 18:29:20 [    3.019462] ubi2: scanning is finished
2022-10-12 18:29:20 [    3.029942] ubi2: attached mtd5 (name "data", size 40 MiB)
2022-10-12 18:29:20 [    3.035794] ubi2: PEB size: 131072 bytes (128 KiB), LEB size: 126976 bytes
2022-10-12 18:29:20 [    3.043042] ubi2: min./max. I/O unit sizes: 2048/2048, sub-page size 2048
2022-10-12 18:29:20 [    3.050238] ubi2: VID header offset: 2048 (aligned 2048), data offset: 4096
2022-10-12 18:29:20 [    3.057612] ubi2: good PEBs: 320, bad PEBs: 0, corrupted PEBs: 0
2022-10-12 18:29:20 [    3.063976] ubi2: user volume: 1, internal volumes: 1, max. volumes count: 128
2022-10-12 18:29:20 [    3.071589] ubi2: max/mean erase counter: 196/127, WL threshold: 4096, image sequence number: 202101101
2022-10-12 18:29:20 [    3.081524] ubi2: available PEBs: 0, total reserved PEBs: 320, PEBs reserved for bad PEB handling: 20
2022-10-12 18:29:20 [    3.091279] ubi2: background thread "ubi_bgt2d" started, PID 552
2022-10-12 18:29:20 [    3.097649] ubi3: attaching mtd6
2022-10-12 18:29:20 [    3.116040] ubi3: scanning is finished
2022-10-12 18:29:20 [    3.126041] ubi3: attached mtd6 (name "config", size 6 MiB)
2022-10-12 18:29:20 [    3.131929] ubi3: PEB size: 131072 bytes (128 KiB), LEB size: 126976 bytes
2022-10-12 18:29:20 [    3.139240] ubi3: min./max. I/O unit sizes: 2048/2048, sub-page size 2048
2022-10-12 18:29:20 [    3.146434] ubi3: VID header offset: 2048 (aligned 2048), data offset: 4096
2022-10-12 18:29:20 [    3.153809] ubi3: good PEBs: 48, bad PEBs: 0, corrupted PEBs: 0
2022-10-12 18:29:20 [    3.160048] ubi3: user volume: 1, internal volumes: 1, max. volumes count: 128
2022-10-12 18:29:20 [    3.167695] ubi3: max/mean erase counter: 1204/860, WL threshold: 4096, image sequence number: 1478537220
2022-10-12 18:29:20 [    3.177813] ubi3: available PEBs: 0, total reserved PEBs: 48, PEBs reserved for bad PEB handling: 20
2022-10-12 18:29:20 [    3.187478] ubi3: background thread "ubi_bgt3d" started, PID 557
2022-10-12 18:29:20 [    3.193847] ubi4: attaching mtd7
2022-10-12 18:29:20 [    3.222179] ubi4: scanning is finished
2022-10-12 18:29:20 [    3.232444] ubi4: attached mtd7 (name "extend", size 10 MiB)
2022-10-12 18:29:20 [    3.238478] ubi4: PEB size: 131072 bytes (128 KiB), LEB size: 126976 bytes
2022-10-12 18:29:20 [    3.245767] ubi4: min./max. I/O unit sizes: 2048/2048, sub-page size 2048
2022-10-12 18:29:20 [    3.252921] ubi4: VID header offset: 2048 (aligned 2048), data offset: 4096
